Archive member included to satisfy reference by file (symbol)

/Users/justi/Library/Application Support/Code/User/globalStorage/vexrobotics.vexcode/sdk/cpp/V5/V5_20240802_15_00_00/vexv5/libv5rt.a(v5_startup.c.obj)
                              (vexStartup)
/Users/justi/Library/Application Support/Code/User/globalStorage/vexrobotics.vexcode/sdk/cpp/V5/V5_20240802_15_00_00/vexv5/libv5rt.a(v5_util.c.obj)
                              /Users/justi/Library/Application Support/Code/User/globalStorage/vexrobotics.vexcode/sdk/cpp/V5/V5_20240802_15_00_00/vexv5/libv5rt.a(v5_startup.c.obj) (vexStdlibVersionLinked)
/Users/justi/Library/Application Support/Code/User/globalStorage/vexrobotics.vexcode/sdk/cpp/V5/V5_20240802_15_00_00/vexv5/libv5rt.a(v5_apijump.c.obj)
                              /Users/justi/Library/Application Support/Code/User/globalStorage/vexrobotics.vexcode/sdk/cpp/V5/V5_20240802_15_00_00/vexv5/libv5rt.a(v5_startup.c.obj) (vexPrivateApiEnable)
/Users/justi/Library/Application Support/Code/User/globalStorage/vexrobotics.vexcode/sdk/cpp/V5/V5_20240802_15_00_00/vexv5/libv5rt.a(v5_apiversions.c.obj)
                              /Users/justi/Library/Application Support/Code/User/globalStorage/vexrobotics.vexcode/sdk/cpp/V5/V5_20240802_15_00_00/vexv5/libv5rt.a(v5_apijump.c.obj) (vexSystemVersion)
/Users/justi/Library/Application Support/Code/User/globalStorage/vexrobotics.vexcode/sdk/cpp/V5/V5_20240802_15_00_00/vexv5/libv5rt.a(vex_global.cpp.obj)
                              build/src/main.o (vex::wait(double, vex::timeUnits))
/Users/justi/Library/Application Support/Code/User/globalStorage/vexrobotics.vexcode/sdk/cpp/V5/V5_20240802_15_00_00/vexv5/libv5rt.a(vex_motor.cpp.obj)
                              build/src/robot-config.o (vex::motor::~motor())
/Users/justi/Library/Application Support/Code/User/globalStorage/vexrobotics.vexcode/sdk/cpp/V5/V5_20240802_15_00_00/vexv5/libv5rt.a(vex_imu.cpp.obj)
                              build/src/movement.o (vex::inertial::setHeading(double, vex::rotationUnits))
/Users/justi/Library/Application Support/Code/User/globalStorage/vexrobotics.vexcode/sdk/cpp/V5/V5_20240802_15_00_00/vexv5/libv5rt.a(vex_controller.cpp.obj)
                              build/src/robot-config.o (vex::controller::~controller())
/Users/justi/Library/Application Support/Code/User/globalStorage/vexrobotics.vexcode/sdk/cpp/V5/V5_20240802_15_00_00/vexv5/libv5rt.a(vex_task.cpp.obj)
                              build/src/main.o (vex::task::task(int (*)()))
/Users/justi/Library/Application Support/Code/User/globalStorage/vexrobotics.vexcode/sdk/cpp/V5/V5_20240802_15_00_00/vexv5/libv5rt.a(vex_thread.cpp.obj)
                              /Users/justi/Library/Application Support/Code/User/globalStorage/vexrobotics.vexcode/sdk/cpp/V5/V5_20240802_15_00_00/vexv5/libv5rt.a(vex_global.cpp.obj) (vex::this_thread::sleep_for(unsigned long))
/Users/justi/Library/Application Support/Code/User/globalStorage/vexrobotics.vexcode/sdk/cpp/V5/V5_20240802_15_00_00/vexv5/libv5rt.a(vex_event.cpp.obj)
                              /Users/justi/Library/Application Support/Code/User/globalStorage/vexrobotics.vexcode/sdk/cpp/V5/V5_20240802_15_00_00/vexv5/libv5rt.a(vex_imu.cpp.obj) (vex::event::init(unsigned long, unsigned long, void (*)()))
/Users/justi/Library/Application Support/Code/User/globalStorage/vexrobotics.vexcode/sdk/cpp/V5/V5_20240802_15_00_00/vexv5/libv5rt.a(vex_mevent.cpp.obj)
                              /Users/justi/Library/Application Support/Code/User/globalStorage/vexrobotics.vexcode/sdk/cpp/V5/V5_20240802_15_00_00/vexv5/libv5rt.a(vex_controller.cpp.obj) (vex::mevent::mevent(unsigned long, unsigned long))
/Users/justi/Library/Application Support/Code/User/globalStorage/vexrobotics.vexcode/sdk/cpp/V5/V5_20240802_15_00_00/vexv5/libv5rt.a(vex_brain.cpp.obj)
                              build/src/main.o (vex::brain::lcd::setCursor(long, long))
/Users/justi/Library/Application Support/Code/User/globalStorage/vexrobotics.vexcode/sdk/cpp/V5/V5_20240802_15_00_00/vexv5/libv5rt.a(vex_competition.cpp.obj)
                              build/src/main.o (vex::competition::competition())
/Users/justi/Library/Application Support/Code/User/globalStorage/vexrobotics.vexcode/sdk/cpp/V5/V5_20240802_15_00_00/vexv5/libv5rt.a(vex_triport.cpp.obj)
                              /Users/justi/Library/Application Support/Code/User/globalStorage/vexrobotics.vexcode/sdk/cpp/V5/V5_20240802_15_00_00/vexv5/libv5rt.a(vex_brain.cpp.obj) (vex::triport::~triport())
/Users/justi/Library/Application Support/Code/User/globalStorage/vexrobotics.vexcode/sdk/cpp/V5/V5_20240802_15_00_00/vexv5/libv5rt.a(vex_color.cpp.obj)
                              /Users/justi/Library/Application Support/Code/User/globalStorage/vexrobotics.vexcode/sdk/cpp/V5/V5_20240802_15_00_00/vexv5/libv5rt.a(vex_brain.cpp.obj) (vex::color::operator unsigned long() const)
[...]
Memory Configuration

Name             Origin             Length             Attributes
ps7_ddr_0_S_AXI_BASEADDR 0x0000000003800000 0x0000000004800000
*default*        0x0000000000000000 0xffffffffffffffff

Linker script and memory map

                0x0000000000002000                _STACK_SIZE = DEFINED (_STACK_SIZE)?_STACK_SIZE:0x2000
                0x0000000000100000                _HEAP_SIZE = DEFINED (_HEAP_SIZE)?_HEAP_SIZE:0x100000
                0x0000000000000400                _ABORT_STACK_SIZE = DEFINED (_ABORT_STACK_SIZE)?_ABORT_STACK_SIZE:0x400
                0x0000000000000800                _SUPERVISOR_STACK_SIZE = DEFINED (_SUPERVISOR_STACK_SIZE)?_SUPERVISOR_STACK_SIZE:0x800
                0x0000000000000400                _IRQ_STACK_SIZE = DEFINED (_IRQ_STACK_SIZE)?_IRQ_STACK_SIZE:0x400
                0x0000000000000400                _FIQ_STACK_SIZE = DEFINED (_FIQ_STACK_SIZE)?_FIQ_STACK_SIZE:0x400
                0x0000000000000400                _UNDEF_STACK_SIZE = DEFINED (_UNDEF_STACK_SIZE)?_UNDEF_STACK_SIZE:0x400

.text           0x0000000003800000     0x5000
 *(.vectors)
 *(.boot_data)
 .boot_data     0x0000000003800000       0x20 /Users/justi/Library/Application Support/Code/User/globalStorage/vexrobotics.vexcode/sdk/cpp/V5/V5_20240802_15_00_00/vexv5/libv5rt.a(v5_startup.c.obj)
                0x0000000003800000                vexCodeSig
                0x0000000000000020                . = 0x20
 *(.boot)
 .boot          0x0000000003800020       0xbc /Users/justi/Library/Application Support/Code/User/globalStorage/vexrobotics.vexcode/sdk/cpp/V5/V5_20240802_15_00_00/vexv5/libv5rt.a(v5_startup.c.obj)
                0x0000000003800020                vexStartup
                0x0000000003800100                . = ALIGN (0x40)
 *fill*         0x00000000038000dc       0x24 
 *(.freertos_vectors)
 *(.text)
 *(.text.*)
 .text._Z18get_dist_travelledd
                0x0000000003800100      0x168 build/src/helper_functions.o
                0x0000000003800100                get_dist_travelled(double)
 .text._GLOBAL__sub_I_helper_functions.cpp
                0x0000000003800268       0x34 build/src/helper_functions.o
 .text._Z9pre_autonv
                0x000000000380029c      0x870 build/src/main.o
                0x000000000380029c                pre_auton()
 .text._Z10autonomousv
                0x0000000003800b0c       0x44 build/src/main.o
                0x0000000003800b0c                autonomous()
 .text._Z9DriveTaskv
                0x0000000003800b50       0xdc build/src/main.o
                0x0000000003800b50                DriveTask()
 .text._Z5ATaskv
                0x0000000003800c2c       0x4c build/src/main.o
                0x0000000003800c2c                ATask()
 .text._Z5PTaskv
                0x0000000003800c78      0x1b4 build/src/main.o
                0x0000000003800c78                PTask()
 *fill*         0x0000000003800e2c        0x4 
 .text._Z8LiftTaskv
                0x0000000003800e30       0xf0 build/src/main.o
                0x0000000003800e30                LiftTask()
 .text._Z11usercontrolv
                0x0000000003800f20       0xb4 build/src/main.o
                0x0000000003800f20                usercontrol()
 *fill*         0x0000000003800fd4        0x4 
 .text.main     0x0000000003800fd8       0x68 build/src/main.o
                0x0000000003800fd8                main
 .text._GLOBAL__sub_I_main.cpp
                0x0000000003801040       0x34 build/src/main.o
 .text._Z7Zeroingbb
                0x0000000003801074       0x94 build/src/movement.o
                0x0000000003801074                Zeroing(bool, bool)
 .text._Z13ChassisUpdatev
                0x0000000003801108      0x124 build/src/movement.o
                0x0000000003801108                ChassisUpdate()
 *fill*         0x000000000380122c        0x4 
 .text._Z4Moveii
                0x0000000003801230      0x1c8 build/src/movement.o
                0x0000000003801230                Move(int, int)
 .text._Z5BStopv
                0x00000000038013f8       0xc8 build/src/movement.o
                0x00000000038013f8                BStop()
 .text._Z5CStopv
                0x00000000038014c0       0xc8 build/src/movement.o
                0x00000000038014c0                CStop()
 .text._Z9RunRolleri
                0x0000000003801588       0x90 build/src/movement.o
                0x0000000003801588                RunRoller(int)
 .text._Z14MoveEncoderPID10PIDDataSetidddb
                0x0000000003801618      0x200 build/src/movement.o
                0x0000000003801618                MoveEncoderPID(PIDDataSet, int, double, double, double, bool)
 .text._GLOBAL__sub_I_movement.cpp
                0x0000000003801818       0x34 build/src/movement.o
 .text._Z11vexcodeInitv
                0x000000000380184c        0x4 build/src/robot-config.o
                0x000000000380184c                vexcodeInit()
 .text._GLOBAL__sub_I_robot_config.cpp
                0x0000000003801850      0x330 build/src/robot-config.o
 .text._Z19DisplayAutoSelectorv
                0x0000000003801b80      0x194 build/src/screen_gui.o
                0x0000000003801b80                DisplayAutoSelector()
 .text._Z12DisplayWordsv
                0x0000000003801d14      0x118 build/src/screen_gui.o
                0x0000000003801d14                DisplayWords()
 .text._Z13UpdateDynamicv
                0x0000000003801e2c      0x698 build/src/screen_gui.o
                0x0000000003801e2c                UpdateDynamic()
 .text._Z4testv
                0x00000000038024c4       0x84 build/src/routes/test.o
                0x00000000038024c4                test()
 .text._Z5test2v
                0x0000000003802548        0x4 build/src/routes/test.o
                0x0000000003802548                test2()
 .text.vexMain  0x000000000380254c       0xb0 /Users/justi/Library/Application Support/Code/User/globalStorage/vexrobotics.vexcode/sdk/cpp/V5/V5_20240802_15_00_00/vexv5/libv5rt.a(v5_startup.c.obj)
                0x000000000380254c                vexMain
 .text.__vex_function_prolog
                0x00000000038025fc       0x18 /Users/justi/Library/Application Support/Code/User/globalStorage/vexrobotics.vexcode/sdk/cpp/V5/V5_20240802_15_00_00/vexv5/libv5rt.a(v5_startup.c.obj)
                0x00000000038025fc                __vex_function_prolog
 .text._init    0x0000000003802614        0x4 /Users/justi/Library/Application Support/Code/User/globalStorage/vexrobotics.vexcode/sdk/cpp/V5/V5_20240802_15_00_00/vexv5/libv5rt.a(v5_startup.c.obj)
                0x0000000003802614                _init
 .text._fini    0x0000000003802618        0x4 /Users/justi/Library/Application Support/Code/User/globalStorage/vexrobotics.vexcode/sdk/cpp/V5/V5_20240802_15_00_00/vexv5/libv5rt.a(v5_startup.c.obj)
                0x0000000003802618                _fini
 .text.vexStdlibVersionLinked
                0x000000000380261c        0xc /Users/justi/Library/Application Support/Code/User/globalStorage/vexrobotics.vexcode/sdk/cpp/V5/V5_20240802_15_00_00/vexv5/libv5rt.a(v5_util.c.obj)
                0x000000000380261c                vexStdlibVersionLinked
 .text.vexStdlibVersionVerify
                0x0000000003802628       0x30 /Users/justi/Library/Application Support/Code/User/globalStorage/vexrobotics.vexcode/sdk/cpp/V5/V5_20240802_15_00_00/vexv5/libv5rt.a(v5_util.c.obj)
                0x0000000003802628                vexStdlibVersionVerify
 .text.vexPrivateApiEnable
                0x0000000003802658       0x10 /Users/justi/Library/Application Support/Code/User/globalStorage/vexrobotics.vexcode/sdk/cpp/V5/V5_20240802_15_00_00/vexv5/libv5rt.a(v5_apijump.c.obj)
                0x0000000003802658                vexPrivateApiEnable
 .text.vexStdlibMismatchError
                0x0000000003802668       0x3c /Users/justi/Library/Application Support/Code/User/globalStorage/vexrobotics.vexcode/sdk/cpp/V5/V5_20240802_15_00_00/vexv5/libv5rt.a(v5_apijump.c.obj)
                0x0000000003802668                vexStdlibMismatchError
 .text.vexTaskAdd
                0x00000000038026a4       0x10 /Users/justi/Library/Application Support/Code/User/globalStorage/vexrobotics.vexcode/sdk/cpp/V5/V5_20240802_15_00_00/vexv5/libv5rt.a(v5_apijump.c.obj)
                0x00000000038026a4                vexTaskAdd
 .text.vexTasksRun
                0x00000000038026b4       0x10 /Users/justi/Library/Application Support/Code/User/globalStorage/vexrobotics.vexcode/sdk/cpp/V5/V5_20240802_15_00_00/vexv5/libv5rt.a(v5_apijump.c.obj)
                0x00000000038026b4                vexTasksRun
 .text.vexTaskYield
                0x00000000038026c4       0x10 /Users/justi/Library/Application Support/Code/User/globalStorage/vexrobotics.vexcode/sdk/cpp/V5/V5_20240802_15_00_00/vexv5/libv5rt.a(v5_apijump.c.obj)
                0x00000000038026c4                vexTaskYield
 .text.vexTaskCheckTimeslice
                0x00000000038026d4       0x10 /Users/justi/Library/Application Support/Code/User/globalStorage/vexrobotics.vexcode/sdk/cpp/V5/V5_20240802_15_00_00/vexv5/libv5rt.a(v5_apijump.c.obj)
                0x00000000038026d4                vexTaskCheckTimeslice
 .text.vexTaskSleep
                0x00000000038026e4       0x10 /Users/justi/Library/Application Support/Code/User/globalStorage/vexrobotics.vexcode/sdk/cpp/V5/V5_20240802_15_00_00/vexv5/libv5rt.a(v5_apijump.c.obj)
                0x00000000038026e4                vexTaskSleep
 .text.vexTasksDump
                0x00000000038026f4       0x1c /Users/justi/Library/Application Support/Code/User/globalStorage/vexrobotics.vexcode/sdk/cpp/V5/V5_20240802_15_00_00/vexv5/libv5rt.a(v5_apijump.c.obj)
                0x00000000038026f4                vexTasksDump
 .text.vexTaskGetTaskIndex
                0x0000000003802710       0x10 /Users/justi/Library/Application Support/Code/User/globalStorage/vexrobotics.vexcode/sdk/cpp/V5/V5_20240802_15_00_00/vexv5/libv5rt.a(v5_apijump.c.obj)
                0x0000000003802710                vexTaskGetTaskIndex
 .text.vexTaskStopAll
                0x0000000003802720       0x10 /Users/justi/Library/Application Support/Code/User/globalStorage/vexrobotics.vexcode/sdk/cpp/V5/V5_20240802_15_00_00/vexv5/libv5rt.a(v5_apijump.c.obj)
                0x0000000003802720                vexTaskStopAll
 .text.vexTaskRemoveAllUser
                0x0000000003802730       0x34 /Users/justi/Library/Application Support/Code/User/globalStorage/vexrobotics.vexcode/sdk/cpp/V5/V5_20240802_15_00_00/vexv5/libv5rt.a(v5_apijump.c.obj)
                0x0000000003802730                vexTaskRemoveAllUser
 .text.vexTaskCompletionIdSet
                0x0000000003802764       0x10 /Users/justi/Library/Application Support/Code/User/globalStorage/vexrobotics.vexcode/sdk/cpp/V5/V5_20240802_15_00_00/vexv5/libv5rt.a(v5_apijump.c.obj)
                0x0000000003802764                vexTaskCompletionIdSet
 .text.vexTaskStopWithId
                0x0000000003802774       0x10 /Users/justi/Library/Application Support/Code/User/globalStorage/vexrobotics.vexcode/sdk/cpp/V5/V5_20240802_15_00_00/vexv5/libv5rt.a(v5_apijump.c.obj)
                0x0000000003802774                vexTaskStopWithId
 .text.vexCriticalSection
                0x0000000003802784       0x2c /Users/justi/Library/Application Support/Code/User/globalStorage/vexrobotics.vexcode/sdk/cpp/V5/V5_20240802_15_00_00/vexv5/libv5rt.a(v5_apijump.c.obj)
                0x0000000003802784                vexCriticalSection
 .text.vexEventAdd
                0x00000000038027b0       0x34 /Users/justi/Library/Application Support/Code/User/globalStorage/vexrobotics.vexcode/sdk/cpp/V5/V5_20240802_15_00_00/vexv5/libv5rt.a(v5_apijump.c.obj)
                0x00000000038027b0                vexEventAdd
 .text.vexEventUserIndexGet
                0x00000000038027e4       0x1c /Users/justi/Library/Application Support/Code/User/globalStorage/vexrobotics.vexcode/sdk/cpp/V5/V5_20240802_15_00_00/vexv5/libv5rt.a(v5_apijump.c.obj)
                0x00000000038027e4                vexEventUserIndexGet
 .text.vexEventAddWithArg
                0x0000000003802800       0x3c /Users/justi/Library/Application Support/Code/User/globalStorage/vexrobotics.vexcode/sdk/cpp/V5/V5_20240802_15_00_00/vexv5/libv5rt.a(v5_apijump.c.obj)
                0x0000000003802800                vexEventAddWithArg
 .text.vexEventsCleanup
                0x000000000380283c       0x2c /Users/justi/Library/Application Support/Code/User/globalStorage/vexrobotics.vexcode/sdk/cpp/V5/V5_20240802_15_00_00/vexv5/libv5rt.a(v5_apijump.c.obj)
                0x000000000380283c                vexEventsCleanup
 .text.vexDebug
                0x0000000003802868       0x38 /Users/justi/Library/Application Support/Code/User/globalStorage/vexrobotics.vexcode/sdk/cpp/V5/V5_20240802_15_00_00/vexv5/libv5rt.a(v5_apijump.c.obj)
                0x0000000003802868                vexDebug
 .text.vex_sprintf
                0x00000000038028a0       0x40 /Users/justi/Library/Application Support/Code/User/globalStorage/vexrobotics.vexcode/sdk/cpp/V5/V5_20240802_15_00_00/vexv5/libv5rt.a(v5_apijump.c.obj)
                0x00000000038028a0                vex_sprintf
 .text.vex_vsnprintf
                0x00000000038028e0       0x3c /Users/justi/Library/Application Support/Code/User/globalStorage/vexrobotics.vexcode/sdk/cpp/V5/V5_20240802_15_00_00/vexv5/libv5rt.a(v5_apijump.c.obj)
                0x00000000038028e0                vex_vsnprintf
 .text.vexSystemTimeGet
                0x000000000380291c       0x1c /Users/justi/Library/Application Support/Code/User/globalStorage/vexrobotics.vexcode/sdk/cpp/V5/V5_20240802_15_00_00/vexv5/libv5rt.a(v5_apijump.c.obj)
                0x000000000380291c                vexSystemTimeGet
 .text.vexSystemExitRequest
                0x0000000003802938       0x1c /Users/justi/Library/Application Support/Code/User/globalStorage/vexrobotics.vexcode/sdk/cpp/V5/V5_20240802_15_00_00/vexv5/libv5rt.a(v5_apijump.c.obj)
                0x0000000003802938                vexSystemExitRequest
 .text.vexDeviceGetByIndex
                0x0000000003802954       0x24 /Users/justi/Library/Application Support/Code/User/globalStorage/vexrobotics.vexcode/sdk/cpp/V5/V5_20240802_15_00_00/vexv5/libv5rt.a(v5_apijump.c.obj)
                0x0000000003802954                vexDeviceGetByIndex
 .text.vexControllerGet
                0x0000000003802978       0x2c /Users/justi/Library/Application Support/Code/User/globalStorage/vexrobotics.vexcode/sdk/cpp/V5/V5_20240802_15_00_00/vexv5/libv5rt.a(v5_apijump.c.obj)
                0x0000000003802978                vexControllerGet
 .text.vexDeviceAdiPortConfigSet
                0x00000000038029a4       0x34 /Users/justi/Library/Application Support/Code/User/globalStorage/vexrobotics.vexcode/sdk/cpp/V5/V5_20240802_15_00_00/vexv5/libv5rt.a(v5_apijump.c.obj)
                0x00000000038029a4                vexDeviceAdiPortConfigSet
 .text.vexDeviceAdiPortConfigGet
                0x00000000038029d8       0x2c /Users/justi/Library/Application Support/Code/User/globalStorage/vexrobotics.vexcode/sdk/cpp/V5/V5_20240802_15_00_00/vexv5/libv5rt.a(v5_apijump.c.obj)
                0x00000000038029d8                vexDeviceAdiPortConfigGet
 .text.vexDeviceAdiValueSet
                0x0000000003802a04       0x34 /Users/justi/Library/Application Support/Code/User/globalStorage/vexrobotics.vexcode/sdk/cpp/V5/V5_20240802_15_00_00/vexv5/libv5rt.a(v5_apijump.c.obj)
                0x0000000003802a04                vexDeviceAdiValueSet
 .text.vexDeviceMotorVelocitySet
                0x0000000003802a38       0x2c /Users/justi/Library/Application Support/Code/User/globalStorage/vexrobotics.vexcode/sdk/cpp/V5/V5_20240802_15_00_00/vexv5/libv5rt.a(v5_apijump.c.obj)
                0x0000000003802a38                vexDeviceMotorVelocitySet
 .text.vexDeviceMotorVoltageSet
                0x0000000003802a64       0x2c /Users/justi/Library/Application Support/Code/User/globalStorage/vexrobotics.vexcode/sdk/cpp/V5/V5_20240802_15_00_00/vexv5/libv5rt.a(v5_apijump.c.obj)
                0x0000000003802a64                vexDeviceMotorVoltageSet
 .text.vexDeviceMotorActualVelocityGet
                0x0000000003802a90       0x24 /Users/justi/Library/Application Support/Code/User/globalStorage/vexrobotics.vexcode/sdk/cpp/V5/V5_20240802_15_00_00/vexv5/libv5rt.a(v5_apijump.c.obj)
                0x0000000003802a90                vexDeviceMotorActualVelocityGet
 .text.vexDeviceMotorCurrentLimitSet
                0x0000000003802ab4       0x2c /Users/justi/Library/Application Support/Code/User/globalStorage/vexrobotics.vexcode/sdk/cpp/V5/V5_20240802_15_00_00/vexv5/libv5rt.a(v5_apijump.c.obj)
                0x0000000003802ab4                vexDeviceMotorCurrentLimitSet
 .text.vexDeviceMotorReverseFlagSet
                0x0000000003802ae0       0x2c /Users/justi/Library/Application Support/Code/User/globalStorage/vexrobotics.vexcode/sdk/cpp/V5/V5_20240802_15_00_00/vexv5/libv5rt.a(v5_apijump.c.obj)
                0x0000000003802ae0                vexDeviceMotorReverseFlagSet
 .text.vexDeviceMotorEncoderUnitsSet
                0x0000000003802b0c       0x2c /Users/justi/Library/Application Support/Code/User/globalStorage/vexrobotics.vexcode/sdk/cpp/V5/V5_20240802_15_00_00/vexv5/libv5rt.a(v5_apijump.c.obj)
                0x0000000003802b0c                vexDeviceMotorEncoderUnitsSet
 .text.vexDeviceMotorBrakeModeSet
                0x0000000003802b38       0x2c /Users/justi/Library/Application Support/Code/User/globalStorage/vexrobotics.vexcode/sdk/cpp/V5/V5_20240802_15_00_00/vexv5/libv5rt.a(v5_apijump.c.obj)
                0x0000000003802b38                vexDeviceMotorBrakeModeSet
 .text.vexDeviceMotorPositionSet
                0x0000000003802b64       0x34 /Users/justi/Library/Application Support/Code/User/globalStorage/vexrobotics.vexcode/sdk/cpp/V5/V5_20240802_15_00_00/vexv5/libv5rt.a(v5_apijump.c.obj)
                0x0000000003802b64                vexDeviceMotorPositionSet
 .text.vexDeviceMotorPositionGet
                0x0000000003802b98       0x24 /Users/justi/Library/Application Support/Code/User/globalStorage/vexrobotics.vexcode/sdk/cpp/V5/V5_20240802_15_00_00/vexv5/libv5rt.a(v5_apijump.c.obj)
                0x0000000003802b98                vexDeviceMotorPositionGet
 .text.vexDeviceMotorGearingSet
                0x0000000003802bbc       0x2c /Users/justi/Library/Application Support/Code/User/globalStorage/vexrobotics.vexcode/sdk/cpp/V5/V5_20240802_15_00_00/vexv5/libv5rt.a(v5_apijump.c.obj)
                0x0000000003802bbc                vexDeviceMotorGearingSet
 .text.vexDeviceMotorGearingGet
                0x0000000003802be8       0x24 /Users/justi/Library/Application Support/Code/User/globalStorage/vexrobotics.vexcode/sdk/cpp/V5/V5_20240802_15_00_00/vexv5/libv5rt.a(v5_apijump.c.obj)
                0x0000000003802be8                vexDeviceMotorGearingGet
 .text.vexDeviceImuReset
                0x0000000003802c0c       0x24 /Users/justi/Library/Application Support/Code/User/globalStorage/vexrobotics.vexcode/sdk/cpp/V5/V5_20240802_15_00_00/vexv5/libv5rt.a(v5_apijump.c.obj)
                0x0000000003802c0c                vexDeviceImuReset
 .text.vexDeviceImuHeadingGet
                0x0000000003802c30       0x24 /Users/justi/Library/Application Support/Code/User/globalStorage/vexrobotics.vexcode/sdk/cpp/V5/V5_20240802_15_00_00/vexv5/libv5rt.a(v5_apijump.c.obj)
                0x0000000003802c30                vexDeviceImuHeadingGet
 .text.vexDeviceImuDegreesGet
                0x0000000003802c54       0x24 /Users/justi/Library/Application Support/Code/User/globalStorage/vexrobotics.vexcode/sdk/cpp/V5/V5_20240802_15_00_00/vexv5/libv5rt.a(v5_apijump.c.obj)
                0x0000000003802c54                vexDeviceImuDegreesGet
 .text.vexDeviceImuStatusGet
                0x0000000003802c78       0x24 /Users/justi/Library/Application Support/Code/User/globalStorage/vexrobotics.vexcode/sdk/cpp/V5/V5_20240802_15_00_00/vexv5/libv5rt.a(v5_apijump.c.obj)
                0x0000000003802c78                vexDeviceImuStatusGet
 .text.vexDisplayForegroundColor
                0x0000000003802c9c       0x24 /Users/justi/Library/Application Support/Code/User/globalStorage/vexrobotics.vexcode/sdk/cpp/V5/V5_20240802_15_00_00/vexv5/libv5rt.a(v5_apijump.c.obj)
                0x0000000003802c9c                vexDisplayForegroundColor
 .text.vexDisplayBackgroundColor
                0x0000000003802cc0       0x24 /Users/justi/Library/Application Support/Code/User/globalStorage/vexrobotics.vexcode/sdk/cpp/V5/V5_20240802_15_00_00/vexv5/libv5rt.a(v5_apijump.c.obj)
                0x0000000003802cc0                vexDisplayBackgroundColor
 .text.vexDisplayBackgroundColorGet
                0x0000000003802ce4       0x1c /Users/justi/Library/Application Support/Code/User/globalStorage/vexrobotics.vexcode/sdk/cpp/V5/V5_20240802_15_00_00/vexv5/libv5rt.a(v5_apijump.c.obj)
                0x0000000003802ce4                vexDisplayBackgroundColorGet
 .text.vexDisplayRectDraw
                0x0000000003802d00       0x4c /Users/justi/Library/Application Support/Code/User/globalStorage/vexrobotics.vexcode/sdk/cpp/V5/V5_20240802_15_00_00/vexv5/libv5rt.a(v5_apijump.c.obj)
                0x0000000003802d00                vexDisplayRectDraw
 .text.vexDisplayRectClear
                0x0000000003802d4c       0x4c /Users/justi/Library/Application Support/Code/User/globalStorage/vexrobotics.vexcode/sdk/cpp/V5/V5_20240802_15_00_00/vexv5/libv5rt.a(v5_apijump.c.obj)
                0x0000000003802d4c                vexDisplayRectClear
 .text.vexDisplayVPrintf
                0x0000000003802d98       0x50 /Users/justi/Library/Application Support/Code/User/globalStorage/vexrobotics.vexcode/sdk/cpp/V5/V5_20240802_15_00_00/vexv5/libv5rt.a(v5_apijump.c.obj)
                0x0000000003802d98                vexDisplayVPrintf
 .text.vexDisplayTextReference
                0x0000000003802de8       0x24 /Users/justi/Library/Application Support/Code/User/globalStorage/vexrobotics.vexcode/sdk/cpp/V5/V5_20240802_15_00_00/vexv5/libv5rt.a(v5_apijump.c.obj)
                0x0000000003802de8                vexDisplayTextReference
 .text.vexDisplayTextSize
                0x0000000003802e0c       0x2c /Users/justi/Library/Application Support/Code/User/globalStorage/vexrobotics.vexcode/sdk/cpp/V5/V5_20240802_15_00_00/vexv5/libv5rt.a(v5_apijump.c.obj)
                0x0000000003802e0c                vexDisplayTextSize
 .text.vexDisplayFontNamedSet
                0x0000000003802e38       0x24 /Users/justi/Library/Application Support/Code/User/globalStorage/vexrobotics.vexcode/sdk/cpp/V5/V5_20240802_15_00_00/vexv5/libv5rt.a(v5_apijump.c.obj)
                0x0000000003802e38                vexDisplayFontNamedSet
 .text.vexDisplayStringWidthGet
                0x0000000003802e5c       0x24 /Users/justi/Library/Application Support/Code/User/globalStorage/vexrobotics.vexcode/sdk/cpp/V5/V5_20240802_15_00_00/vexv5/libv5rt.a(v5_apijump.c.obj)
                0x0000000003802e5c                vexDisplayStringWidthGet
 .text.vexDisplayPenSizeSet
                0x0000000003802e80       0x24 /Users/justi/Library/Application Support/Code/User/globalStorage/vexrobotics.vexcode/sdk/cpp/V5/V5_20240802_15_00_00/vexv5/libv5rt.a(v5_apijump.c.obj)
                0x0000000003802e80                vexDisplayPenSizeSet
 .text.vexDisplayPenSizeGet
                0x0000000003802ea4       0x1c /Users/justi/Library/Application Support/Code/User/globalStorage/vexrobotics.vexcode/sdk/cpp/V5/V5_20240802_15_00_00/vexv5/libv5rt.a(v5_apijump.c.obj)
                0x0000000003802ea4                vexDisplayPenSizeGet
 .text.vexSystemStdlibImpureDataAddr
                0x0000000003802ec0       0x28 /Users/justi/Library/Application Support/Code/User/globalStorage/vexrobotics.vexcode/sdk/cpp/V5/V5_20240802_15_00_00/vexv5/libv5rt.a(v5_apijump.c.obj)
                0x0000000003802ec0                vexSystemStdlibImpureDataAddr
 .text.vexSystemStdlibImpureDataSize
                0x0000000003802ee8       0x28 /Users/justi/Library/Application Support/Code/User/globalStorage/vexrobotics.vexcode/sdk/cpp/V5/V5_20240802_15_00_00/vexv5/libv5rt.a(v5_apijump.c.obj)
                0x0000000003802ee8                vexSystemStdlibImpureDataSize
 .text.vexSystemSaveUserData
                0x0000000003802f10       0x3c /Users/justi/Library/Application Support/Code/User/globalStorage/vexrobotics.vexcode/sdk/cpp/V5/V5_20240802_15_00_00/vexv5/libv5rt.a(v5_apijump.c.obj)
                0x0000000003802f10                vexSystemSaveUserData
 .text.vexTouchDataGet
                0x0000000003802f4c       0x10 /Users/justi/Library/Application Support/Code/User/globalStorage/vexrobotics.vexcode/sdk/cpp/V5/V5_20240802_15_00_00/vexv5/libv5rt.a(v5_apijump.c.obj)
                0x0000000003802f4c                vexTouchDataGet
 .text.vexDisplayThemeIdGet
                0x0000000003802f5c       0x38 /Users/justi/Library/Application Support/Code/User/globalStorage/vexrobotics.vexcode/sdk/cpp/V5/V5_20240802_15_00_00/vexv5/libv5rt.a(v5_apijump.c.obj)
                0x0000000003802f5c                vexDisplayThemeIdGet
 .text.vexDeviceEventMaskSet
                0x0000000003802f94       0x48 /Users/justi/Library/Application Support/Code/User/globalStorage/vexrobotics.vexcode/sdk/cpp/V5/V5_20240802_15_00_00/vexv5/libv5rt.a(v5_apijump.c.obj)
                0x0000000003802f94                vexDeviceEventMaskSet
 .text.vexDeviceEventMaskGet
                0x0000000003802fdc       0x3c /Users/justi/Library/Application Support/Code/User/globalStorage/vexrobotics.vexcode/sdk/cpp/V5/V5_20240802_15_00_00/vexv5/libv5rt.a(v5_apijump.c.obj)
                0x0000000003802fdc                vexDeviceEventMaskGet
 .text.vexSystemVersion
                0x0000000003803018       0x10 /Users/justi/Library/Application Support/Code/User/globalStorage/vexrobotics.vexcode/sdk/cpp/V5/V5_20240802_15_00_00/vexv5/libv5rt.a(v5_apiversions.c.obj)
                0x0000000003803018                vexSystemVersion
 .text.vexStdlibVersion
                0x0000000003803028       0x10 /Users/justi/Library/Application Support/Code/User/globalStorage/vexrobotics.vexcode/sdk/cpp/V5/V5_20240802_15_00_00/vexv5/libv5rt.a(v5_apiversions.c.obj)
                0x0000000003803028                vexStdlibVersion
 .text._ZN3vex4waitEdNS_9timeUnitsE
                0x0000000003803038       0x30 /Users/justi/Library/Application Support/Code/User/globalStorage/vexrobotics.vexcode/sdk/cpp/V5/V5_20240802_15_00_00/vexv5/libv5rt.a(vex_global.cpp.obj)
                0x0000000003803038                vex::wait(double, vex::timeUnits)
 .text._ZN3vex5motorD2Ev
                0x0000000003803068       0x20 /Users/justi/Library/Application Support/Code/User/globalStorage/vexrobotics.vexcode/sdk/cpp/V5/V5_20240802_15_00_00/vexv5/libv5rt.a(vex_motor.cpp.obj)
                0x0000000003803068                vex::motor::~motor()
                0x0000000003803068                vex::motor::~motor()
 .text._ZN3vex5motorD0Ev
                0x0000000003803088       0x1c /Users/justi/Library/Application Support/Code/User/globalStorage/vexrobotics.vexcode/sdk/cpp/V5/V5_20240802_15_00_00/vexv5/libv5rt.a(vex_motor.cpp.obj)
                0x0000000003803088                vex::motor::~motor()
 .text._ZN3vex5motor9installedEv
                0x00000000038030a4       0x18 /Users/justi/Library/Application Support/Code/User/globalStorage/vexrobotics.vexcode/sdk/cpp/V5/V5_20240802_15_00_00/vexv5/libv5rt.a(vex_motor.cpp.obj)
                0x00000000038030a4                vex::motor::installed()
 .text._ZN3vex5motor15defaultStoppingENS_9brakeTypeE
                0x00000000038030bc       0x30 /Users/justi/Library/Application Support/Code/User/globalStorage/vexrobotics.vexcode/sdk/cpp/V5/V5_20240802_15_00_00/vexv5/libv5rt.a(vex_motor.cpp.obj)
                0x00000000038030bc                vex::motor::defaultStopping(vex::brakeType)
 .text._ZN3vex5motor11setStoppingENS_9brakeTypeE
                0x00000000038030ec        0x4 /Users/justi/Library/Application Support/Code/User/globalStorage/vexrobotics.vexcode/sdk/cpp/V5/V5_20240802_15_00_00/vexv5/libv5rt.a(vex_motor.cpp.obj)
                0x00000000038030ec                vex::motor::setStopping(vex::brakeType)
 .text._ZN3vex5motorC2El
                0x00000000038030f0       0x78 /Users/justi/Library/Application Support/Code/User/globalStorage/vexrobotics.vexcode/sdk/cpp/V5/V5_20240802_15_00_00/vexv5/libv5rt.a(vex_motor.cpp.obj)
                0x00000000038030f0                vex::motor::motor(long)
                0x00000000038030f0                vex::motor::motor(long)
 .text._ZN3vex5motorC2ElNS_11gearSettingEb
                0x0000000003803168       0x34 /Users/justi/Library/Application Support/Code/User/globalStorage/vexrobotics.vexcode/sdk/cpp/V5/V5_20240802_15_00_00/vexv5/libv5rt.a(vex_motor.cpp.obj)
                0x0000000003803168                vex::motor::motor(long, vex::gearSetting, bool)
                0x0000000003803168                vex::motor::motor(long, vex::gearSetting, bool)
 *fill*         0x000000000380319c        0x4 
 .text._ZN3vex5motor4spinENS_13directionTypeEdNS_12voltageUnitsE
                0x00000000038031a0       0x50 /Users/justi/Library/Application Support/Code/User/globalStorage/vexrobotics.vexcode/sdk/cpp/V5/V5_20240802_15_00_00/vexv5/libv5rt.a(vex_motor.cpp.obj)
                0x00000000038031a0                vex::motor::spin(vex::directionType, double, vex::voltageUnits)
 .text._ZN3vex5motor4stopENS_9brakeTypeE
                0x00000000038031f0       0x30 /Users/justi/Library/Application Support/Code/User/globalStorage/vexrobotics.vexcode/sdk/cpp/V5/V5_20240802_15_00_00/vexv5/libv5rt.a(vex_motor.cpp.obj)
                0x00000000038031f0                vex::motor::stop(vex::brakeType)
 .text._ZN3vex5motor4stopEv
                0x0000000003803220        0x8 /Users/justi/Library/Application Support/Code/User/globalStorage/vexrobotics.vexcode/sdk/cpp/V5/V5_20240802_15_00_00/vexv5/libv5rt.a(vex_motor.cpp.obj)
                0x0000000003803220                vex::motor::stop()
 .text._ZN3vex5motor12setMaxTorqueEdNS_12percentUnitsE
                0x0000000003803228       0x88 /Users/justi/Library/Application Support/Code/User/globalStorage/vexrobotics.vexcode/sdk/cpp/V5/V5_20240802_15_00_00/vexv5/libv5rt.a(vex_motor.cpp.obj)
                0x0000000003803228                vex::motor::setMaxTorque(double, vex::percentUnits)
 .text._ZN3vex5motor16velocityToScaledEdNS_13velocityUnitsE
                0x00000000038032b0       0x5c /Users/justi/Library/Application Support/Code/User/globalStorage/vexrobotics.vexcode/sdk/cpp/V5/V5_20240802_15_00_00/vexv5/libv5rt.a(vex_motor.cpp.obj)
                0x00000000038032b0                vex::motor::velocityToScaled(double, vex::velocityUnits)
 .text._ZN3vex5motor8velocityENS_13velocityUnitsE
                0x000000000380330c       0x30 /Users/justi/Library/Application Support/Code/User/globalStorage/vexrobotics.vexcode/sdk/cpp/V5/V5_20240802_15_00_00/vexv5/libv5rt.a(vex_motor.cpp.obj)
                0x000000000380330c                vex::motor::velocity(vex::velocityUnits)
 .text._ZN3vex5motor5valueEv
                0x000000000380333c       0x1c /Users/justi/Library/Application Support/Code/User/globalStorage/vexrobotics.vexcode/sdk/cpp/V5/V5_20240802_15_00_00/vexv5/libv5rt.a(vex_motor.cpp.obj)
                0x000000000380333c                vex::motor::value()
 .text._ZN3vex5motor16scaledToVelocityEdNS_13velocityUnitsE
                0x0000000003803358       0xa4 /Users/justi/Library/Application Support/Code/User/globalStorage/vexrobotics.vexcode/sdk/cpp/V5/V5_20240802_15_00_00/vexv5/libv5rt.a(vex_motor.cpp.obj)
                0x0000000003803358                vex::motor::scaledToVelocity(double, vex::velocityUnits)
 .text._ZN3vex5motor4spinENS_13directionTypeEdNS_13velocityUnitsE
                0x00000000038033fc       0x5c /Users/justi/Library/Application Support/Code/User/globalStorage/vexrobotics.vexcode/sdk/cpp/V5/V5_20240802_15_00_00/vexv5/libv5rt.a(vex_motor.cpp.obj)
                0x00000000038033fc                vex::motor::spin(vex::directionType, double, vex::velocityUnits)
 .text._ZN3vex5motor16setRotationUnitsENS_13rotationUnitsE
                0x0000000003803458       0x1c /Users/justi/Library/Application Support/Code/User/globalStorage/vexrobotics.vexcode/sdk/cpp/V5/V5_20240802_15_00_00/vexv5/libv5rt.a(vex_motor.cpp.obj)
                0x0000000003803458                vex::motor::setRotationUnits(vex::rotationUnits)
 .text._ZN3vex5motor11setPositionEdNS_13rotationUnitsE
                0x0000000003803474       0x44 /Users/justi/Library/Application Support/Code/User/globalStorage/vexrobotics.vexcode/sdk/cpp/V5/V5_20240802_15_00_00/vexv5/libv5rt.a(vex_motor.cpp.obj)
                0x0000000003803474                vex::motor::setPosition(double, vex::rotationUnits)
 .text._ZN3vex5motor13resetPositionEv
                0x00000000038034b8       0x20 /Users/justi/Library/Application Support/Code/User/globalStorage/vexrobotics.vexcode/sdk/cpp/V5/V5_20240802_15_00_00/vexv5/libv5rt.a(vex_motor.cpp.obj)
                0x00000000038034b8                vex::motor::resetPosition()
 .text._ZN3vex5motor8positionENS_13rotationUnitsE
                0x00000000038034d8       0x44 /Users/justi/Library/Application Support/Code/User/globalStorage/vexrobotics.vexcode/sdk/cpp/V5/V5_20240802_15_00_00/vexv5/libv5rt.a(vex_motor.cpp.obj)
                0x00000000038034d8                vex::motor::position(vex::rotationUnits)
 .text._ZN3vex8inertial11getTurnTypeEv
                0x000000000380351c        0x8 /Users/justi/Library/Application Support/Code/User/globalStorage/vexrobotics.vexcode/sdk/cpp/V5/V5_20240802_15_00_00/vexv5/libv5rt.a(vex_imu.cpp.obj)
                0x000000000380351c                vex::inertial::getTurnType()
 .text._ZThn16_N3vex8inertial11getTurnTypeEv
                0x0000000003803524        0x8 /Users/justi/Library/Application Support/Code/User/globalStorage/vexrobotics.vexcode/sdk/cpp/V5/V5_20240802_15_00_00/vexv5/libv5rt.a(vex_imu.cpp.obj)
                0x0000000003803524                non-virtual thunk to vex::inertial::getTurnType()
 *fill*         0x000000000380352c        0x4 
 .text._ZN3vex8inertial10setHeadingEdNS_13rotationUnitsE
                0x0000000003803530       0x58 /Users/justi/Library/Application Support/Code/User/globalStorage/vexrobotics.vexcode/sdk/cpp/V5/V5_20240802_15_00_00/vexv5/libv5rt.a(vex_imu.cpp.obj)
                0x0000000003803530                vex::inertial::setHeading(double, vex::rotationUnits)
 .text._ZThn16_N3vex8inertial10setHeadingEdNS_13rotationUnitsE
                0x0000000003803588        0x8 /Users/justi/Library/Application Support/Code/User/globalStorage/vexrobotics.vexcode/sdk/cpp/V5/V5_20240802_15_00_00/vexv5/libv5rt.a(vex_imu.cpp.obj)
                0x0000000003803588                non-virtual thunk to vex::inertial::setHeading(double, vex::rotationUnits)
 .text._ZN3vex8inertial11setRotationEdNS_13rotationUnitsE
                0x0000000003803590       0x58 /Users/justi/Library/Application Support/Code/User/globalStorage/vexrobotics.vexcode/sdk/cpp/V5/V5_20240802_15_00_00/vexv5/libv5rt.a(vex_imu.cpp.obj)
                0x0000000003803590                vex::inertial::setRotation(double, vex::rotationUnits)
 .text._ZThn16_N3vex8inertial11setRotationEdNS_13rotationUnitsE
                0x00000000038035e8        0x8 /Users/justi/Library/Application Support/Code/User/globalStorage/vexrobotics.vexcode/sdk/cpp/V5/V5_20240802_15_00_00/vexv5/libv5rt.a(vex_imu.cpp.obj)
                0x00000000038035e8                non-virtual thunk to vex::inertial::setRotation(double, vex::rotationUnits)
 .text._ZN3vex8inertialD2Ev
                0x00000000038035f0       0x20 /Users/justi/Library/Application Support/Code/User/globalStorage/vexrobotics.vexcode/sdk/cpp/V5/V5_20240802_15_00_00/vexv5/libv5rt.a(vex_imu.cpp.obj)
                0x00000000038035f0                vex::inertial::~inertial()
                0x00000000038035f0                vex::inertial::~inertial()
 .text._ZThn16_N3vex8inertialD1Ev
                0x0000000003803610        0x8 /Users/justi/Library/Application Support/Code/User/globalStorage/vexrobotics.vexcode/sdk/cpp/V5/V5_20240802_15_00_00/vexv5/libv5rt.a(vex_imu.cpp.obj)
                0x0000000003803610                non-virtual thunk to vex::inertial::~inertial()
 .text._ZN3vex8inertialD0Ev
                0x0000000003803618       0x1c /Users/justi/Library/Application Support/Code/User/globalStorage/vexrobotics.vexcode/sdk/cpp/V5/V5_20240802_15_00_00/vexv5/libv5rt.a(vex_imu.cpp.obj)
                0x0000000003803618                vex::inertial::~inertial()
 .text._ZThn16_N3vex8inertialD0Ev
                0x0000000003803634        0x8 /Users/justi/Library/Application Support/Code/User/globalStorage/vexrobotics.vexcode/sdk/cpp/V5/V5_20240802_15_00_00/vexv5/libv5rt.a(vex_imu.cpp.obj)
                0x0000000003803634                non-virtual thunk to vex::inertial::~inertial()
 .text._ZN3vex8inertial9installedEv
                0x000000000380363c       0x18 /Users/justi/Library/Application Support/Code/User/globalStorage/vexrobotics.vexcode/sdk/cpp/V5/V5_20240802_15_00_00/vexv5/libv5rt.a(vex_imu.cpp.obj)
                0x000000000380363c                vex::inertial::installed()
 .text._ZN3vex8inertial5angleENS_13rotationUnitsE
                0x0000000003803654       0x6c /Users/justi/Library/Application Support/Code/User/globalStorage/vexrobotics.vexcode/sdk/cpp/V5/V5_20240802_15_00_00/vexv5/libv5rt.a(vex_imu.cpp.obj)
                0x0000000003803654                vex::inertial::angle(vex::rotationUnits)
 .text._ZThn16_N3vex8inertial5angleENS_13rotationUnitsE
                0x00000000038036c0        0x8 /Users/justi/Library/Application Support/Code/User/globalStorage/vexrobotics.vexcode/sdk/cpp/V5/V5_20240802_15_00_00/vexv5/libv5rt.a(vex_imu.cpp.obj)
                0x00000000038036c0                non-virtual thunk to vex::inertial::angle(vex::rotationUnits)
 .text._ZN3vex8inertial7headingENS_13rotationUnitsE
                0x00000000038036c8        0x4 /Users/justi/Library/Application Support/Code/User/globalStorage/vexrobotics.vexcode/sdk/cpp/V5/V5_20240802_15_00_00/vexv5/libv5rt.a(vex_imu.cpp.obj)
                0x00000000038036c8                vex::inertial::heading(vex::rotationUnits)
 .text._ZThn16_N3vex8inertial7headingENS_13rotationUnitsE
                0x00000000038036cc        0x8 /Users/justi/Library/Application Support/Code/User/globalStorage/vexrobotics.vexcode/sdk/cpp/V5/V5_20240802_15_00_00/vexv5/libv5rt.a(vex_imu.cpp.obj)
                0x00000000038036cc                non-virtual thunk to vex::inertial::heading(vex::rotationUnits)
 .text._ZN3vex8inertial5valueEv
                0x00000000038036d4       0x1c /Users/justi/Library/Application Support/Code/User/globalStorage/vexrobotics.vexcode/sdk/cpp/V5/V5_20240802_15_00_00/vexv5/libv5rt.a(vex_imu.cpp.obj)
                0x00000000038036d4                vex::inertial::value()
 .text._ZN3vex8inertial8rotationENS_13rotationUnitsE
                0x00000000038036f0       0x48 /Users/justi/Library/Application Support/Code/User/globalStorage/vexrobotics.vexcode/sdk/cpp/V5/V5_20240802_15_00_00/vexv5/libv5rt.a(vex_imu.cpp.obj)
                0x00000000038036f0                vex::inertial::rotation(vex::rotationUnits)
 .text._ZThn16_N3vex8inertial8rotationENS_13rotationUnitsE
                0x0000000003803738        0x8 /Users/justi/Library/Application Support/Code/User/globalStorage/vexrobotics.vexcode/sdk/cpp/V5/V5_20240802_15_00_00/vexv5/libv5rt.a(vex_imu.cpp.obj)
                0x0000000003803738                non-virtual thunk to vex::inertial::rotation(vex::rotationUnits)
 .text._ZN3vex8inertial13isCalibratingEv
                0x0000000003803740       0x38 /Users/justi/Library/Application Support/Code/User/globalStorage/vexrobotics.vexcode/sdk/cpp/V5/V5_20240802_15_00_00/vexv5/libv5rt.a(vex_imu.cpp.obj)
                0x0000000003803740                vex::inertial::isCalibrating()
 .text._ZThn16_N3vex8inertial13isCalibratingEv
                0x0000000003803778        0x8 /Users/justi/Library/Application Support/Code/User/globalStorage/vexrobotics.vexcode/sdk/cpp/V5/V5_20240802_15_00_00/vexv5/libv5rt.a(vex_imu.cpp.obj)
                0x0000000003803778                non-virtual thunk to vex::inertial::isCalibrating()
 .text._ZN3vex8inertialC2ElNS_8turnTypeE
                0x0000000003803780       0x4c /Users/justi/Library/Application Support/Code/User/globalStorage/vexrobotics.vexcode/sdk/cpp/V5/V5_20240802_15_00_00/vexv5/libv5rt.a(vex_imu.cpp.obj)
                0x0000000003803780                vex::inertial::inertial(long, vex::turnType)
                0x0000000003803780                vex::inertial::inertial(long, vex::turnType)
 .text._ZN3vex8inertial16startCalibrationEl
                0x00000000038037cc       0x20 /Users/justi/Library/Application Support/Code/User/globalStorage/vexrobotics.vexcode/sdk/cpp/V5/V5_20240802_15_00_00/vexv5/libv5rt.a(vex_imu.cpp.obj)
                0x00000000038037cc                vex::inertial::startCalibration(long)
 .text._ZN3vex8inertial9calibrateEl
                0x00000000038037ec        0xc /Users/justi/Library/Application Support/Code/User/globalStorage/vexrobotics.vexcode/sdk/cpp/V5/V5_20240802_15_00_00/vexv5/libv5rt.a(vex_imu.cpp.obj)
                0x00000000038037ec                vex::inertial::calibrate(long)
                0x00000000038037f0                non-virtual thunk to vex::inertial::calibrate(long)
 .text._ZN3vex10controllerD2Ev
                0x00000000038037f8        0x4 /Users/justi/Library/Application Support/Code/User/globalStorage/vexrobotics.vexcode/sdk/cpp/V5/V5_20240802_15_00_00/vexv5/libv5rt.a(vex_controller.cpp.obj)
                0x00000000038037f8                vex::controller::~controller()
                0x00000000038037f8                vex::controller::~controller()
 .text._ZN3vex10controller5valueE19_V5_ControllerIndex
                0x00000000038037fc        0x8 /Users/justi/Library/Application Support/Code/User/globalStorage/vexrobotics.vexcode/sdk/cpp/V5/V5_20240802_15_00_00/vexv5/libv5rt.a(vex_controller.cpp.obj)
                0x00000000038037fc                vex::controller::value(_V5_ControllerIndex)
 .text._ZNK3vex10controller6button8pressingEv
                0x0000000003803804       0xc8 /Users/justi/Library/Application Support/Code/User/globalStorage/vexrobotics.vexcode/sdk/cpp/V5/V5_20240802_15_00_00/vexv5/libv5rt.a(vex_controller.cpp.obj)
                0x0000000003803804                vex::controller::button::pressing() const
 .text._ZNK3vex10controller6button21_buttonToPressedEventEv
                0x00000000038038cc       0x20 /Users/justi/Library/Application Support/Code/User/globalStorage/vexrobotics.vexcode/sdk/cpp/V5/V5_20240802_15_00_00/vexv5/libv5rt.a(vex_controller.cpp.obj)
                0x00000000038038cc                vex::controller::button::_buttonToPressedEvent() const
 .text._ZNK3vex10controller6button22_buttonToReleasedEventEv
                0x00000000038038ec       0x20 /Users/justi/Library/Application Support/Code/User/globalStorage/vexrobotics.vexcode/sdk/cpp/V5/V5_20240802_15_00_00/vexv5/libv5rt.a(vex_controller.cpp.obj)
                0x00000000038038ec                vex::controller::button::_buttonToReleasedEvent() const
 .text._ZN3vex10controller6buttonC2ENS0_11tButtonTypeEPS0_
                0x000000000380390c       0x48 /Users/justi/Library/Application Support/Code/User/globalStorage/vexrobotics.vexcode/sdk/cpp/V5/V5_20240802_15_00_00/vexv5/libv5rt.a(vex_controller.cpp.obj)
                0x000000000380390c                vex::controller::button::button(vex::controller::tButtonType, vex::controller*)
                0x000000000380390c                vex::controller::button::button(vex::controller::tButtonType, vex::controller*)
 .text._ZNK3vex10controller4axis5valueEv
                0x0000000003803954       0x58 /Users/justi/Library/Application Support/Code/User/globalStorage/vexrobotics.vexcode/sdk/cpp/V5/V5_20240802_15_00_00/vexv5/libv5rt.a(vex_controller.cpp.obj)
                0x0000000003803954                vex::controller::axis::value() const
 .text._ZNK3vex10controller4axis8positionENS_12percentUnitsE
                0x00000000038039ac       0x1c /Users/justi/Library/Application Support/Code/User/globalStorage/vexrobotics.vexcode/sdk/cpp/V5/V5_20240802_15_00_00/vexv5/libv5rt.a(vex_controller.cpp.obj)
                0x00000000038039ac                vex::controller::axis::position(vex::percentUnits) const
 .text._ZNK3vex10controller4axis23_joystickToChangedEventEv
                0x00000000038039c8       0x20 /Users/justi/Library/Application Support/Code/User/globalStorage/vexrobotics.vexcode/sdk/cpp/V5/V5_20240802_15_00_00/vexv5/libv5rt.a(vex_controller.cpp.obj)
                0x00000000038039c8                vex::controller::axis::_joystickToChangedEvent() const
 .text._ZN3vex10controller4axisC2ENS0_9tAxisTypeEPS0_
                0x00000000038039e8       0x2c /Users/justi/Library/Application Support/Code/User/globalStorage/vexrobotics.vexcode/sdk/cpp/V5/V5_20240802_15_00_00/vexv5/libv5rt.a(vex_controller.cpp.obj)
                0x00000000038039e8                vex::controller::axis::axis(vex::controller::tAxisType, vex::controller*)
                0x00000000038039e8                vex::controller::axis::axis(vex::controller::tAxisType, vex::controller*)
 .text._ZN3vex10controllerC2ENS_14controllerTypeE
                0x0000000003803a14      0x16c /Users/justi/Library/Application Support/Code/User/globalStorage/vexrobotics.vexcode/sdk/cpp/V5/V5_20240802_15_00_00/vexv5/libv5rt.a(vex_controller.cpp.obj)
                0x0000000003803a14                vex::controller::controller(vex::controllerType)
                0x0000000003803a14                vex::controller::controller(vex::controllerType)
 .text._ZN3vex4taskC2EPFivE
                0x0000000003803b80       0x5c /Users/justi/Library/Application Support/Code/User/globalStorage/vexrobotics.vexcode/sdk/cpp/V5/V5_20240802_15_00_00/vexv5/libv5rt.a(vex_task.cpp.obj)
                0x0000000003803b80                vex::task::task(int (*)())
                0x0000000003803b80                vex::task::task(int (*)())
 .text._ZN3vex4taskD2Ev
                0x0000000003803bdc        0x4 /Users/justi/Library/Application Support/Code/User/globalStorage/vexrobotics.vexcode/sdk/cpp/V5/V5_20240802_15_00_00/vexv5/libv5rt.a(vex_task.cpp.obj)
                0x0000000003803bdc                vex::task::~task()
                0x0000000003803bdc                vex::task::~task()
 .text._ZN3vex4task4stopEPvi
                0x0000000003803be0       0x1c /Users/justi/Library/Application Support/Code/User/globalStorage/vexrobotics.vexcode/sdk/cpp/V5/V5_20240802_15_00_00/vexv5/libv5rt.a(vex_task.cpp.obj)
                0x0000000003803be0                vex::task::stop(void*, int)
 .text._ZN3vex4task6_indexEPFivE
                0x0000000003803bfc       0x14 /Users/justi/Library/Application Support/Code/User/globalStorage/vexrobotics.vexcode/sdk/cpp/V5/V5_20240802_15_00_00/vexv5/libv5rt.a(vex_task.cpp.obj)
                0x0000000003803bfc                vex::task::_index(int (*)())
 .text._ZN3vex4task8_stopAllEv
                0x0000000003803c10       0x3c /Users/justi/Library/Application Support/Code/User/globalStorage/vexrobotics.vexcode/sdk/cpp/V5/V5_20240802_15_00_00/vexv5/libv5rt.a(vex_task.cpp.obj)
                0x0000000003803c10                vex::task::_stopAll()
 .text._ZN3vex11this_thread9sleep_forEm
                0x0000000003803c4c        0x4 /Users/justi/Library/Application Support/Code/User/globalStorage/vexrobotics.vexcode/sdk/cpp/V5/V5_20240802_15_00_00/vexv5/libv5rt.a(vex_thread.cpp.obj)
                0x0000000003803c4c                vex::this_thread::sleep_for(unsigned long)
 .text._ZN3vex5event4initEmmPFvvE
                0x0000000003803c50        0x4 /Users/justi/Library/Application Support/Code/User/globalStorage/vexrobotics.vexcode/sdk/cpp/V5/V5_20240802_15_00_00/vexv5/libv5rt.a(vex_event.cpp.obj)
                0x0000000003803c50                vex::event::init(unsigned long, unsigned long, void (*)())
 .text._ZN3vex5event4initEmmPFvPvES1_
                0x0000000003803c54        0x4 /Users/justi/Library/Application Support/Code/User/globalStorage/vexrobotics.vexcode/sdk/cpp/V5/V5_20240802_15_00_00/vexv5/libv5rt.a(vex_event.cpp.obj)
                0x0000000003803c54                vex::event::init(unsigned long, unsigned long, void (*)(void*), void*)
 .text._ZN3vex5event9userindexEv
                0x0000000003803c58        0x4 /Users/justi/Library/Application Support/Code/User/globalStorage/vexrobotics.vexcode/sdk/cpp/V5/V5_20240802_15_00_00/vexv5/libv5rt.a(vex_event.cpp.obj)
                0x0000000003803c58                vex::event::userindex()
 .text._ZZN3vex6meventC4EmmENUlvE_4_FUNEv
                0x0000000003803c5c        0x4 /Users/justi/Library/Application Support/Code/User/globalStorage/vexrobotics.vexcode/sdk/cpp/V5/V5_20240802_15_00_00/vexv5/libv5rt.a(vex_mevent.cpp.obj)
 .text._ZN3vex6meventC2Emm
                0x0000000003803c60       0x70 /Users/justi/Library/Application Support/Code/User/globalStorage/vexrobotics.vexcode/sdk/cpp/V5/V5_20240802_15_00_00/vexv5/libv5rt.a(vex_mevent.cpp.obj)
                0x0000000003803c60                vex::mevent::mevent(unsigned long, unsigned long)
                0x0000000003803c60                vex::mevent::mevent(unsigned long, unsigned long)
 .text._ZL9_hexDigitc
                0x0000000003803cd0       0x48 /Users/justi/Library/Application Support/Code/User/globalStorage/vexrobotics.vexcode/sdk/cpp/V5/V5_20240802_15_00_00/vexv5/libv5rt.a(vex_brain.cpp.obj)
 .text._ZN3vex5brain9_getIndexEv
                0x0000000003803d18       0x10 /Users/justi/Library/Application Support/Code/User/globalStorage/vexrobotics.vexcode/sdk/cpp/V5/V5_20240802_15_00_00/vexv5/libv5rt.a(vex_brain.cpp.obj)
                0x0000000003803d18                vex::brain::_getIndex()
 .text._ZN3vex5brain3lcd9setCursorEll
                0x0000000003803d28       0x44 /Users/justi/Library/Application Support/Code/User/globalStorage/vexrobotics.vexcode/sdk/cpp/V5/V5_20240802_15_00_00/vexv5/libv5rt.a(vex_brain.cpp.obj)
                0x0000000003803d28                vex::brain::lcd::setCursor(long, long)
 .text._ZN3vex5brain3lcd7setFontENS_8fontTypeE
                0x0000000003803d6c      0x23c /Users/justi/Library/Application Support/Code/User/globalStorage/vexrobotics.vexcode/sdk/cpp/V5/V5_20240802_15_00_00/vexv5/libv5rt.a(vex_brain.cpp.obj)
                0x0000000003803d6c                vex::brain::lcd::setFont(vex::fontType)
 .text._ZN3vex5brain3lcdC2Ev
                0x0000000003803fa8       0x94 /Users/justi/Library/Application Support/Code/User/globalStorage/vexrobotics.vexcode/sdk/cpp/V5/V5_20240802_15_00_00/vexv5/libv5rt.a(vex_brain.cpp.obj)
                0x0000000003803fa8                vex::brain::lcd::lcd()
                0x0000000003803fa8                vex::brain::lcd::lcd()
 .text._ZN3vex5brainC2Ev
                0x000000000380403c       0x3c /Users/justi/Library/Application Support/Code/User/globalStorage/vexrobotics.vexcode/sdk/cpp/V5/V5_20240802_15_00_00/vexv5/libv5rt.a(vex_brain.cpp.obj)
                0x000000000380403c                vex::brain::brain()
                0x000000000380403c                vex::brain::brain()
 .text._ZN3vex5brain3lcd11setPenWidthEm
                0x0000000003804078       0x24 /Users/justi/Library/Application Support/Code/User/globalStorage/vexrobotics.vexcode/sdk/cpp/V5/V5_20240802_15_00_00/vexv5/libv5rt.a(vex_brain.cpp.obj)
                0x0000000003804078                vex::brain::lcd::setPenWidth(unsigned long)
 .text._ZN3vex5brain3lcd11setPenColorERKNS_5colorE
                0x000000000380409c       0x14 /Users/justi/Library/Application Support/Code/User/globalStorage/vexrobotics.vexcode/sdk/cpp/V5/V5_20240802_15_00_00/vexv5/libv5rt.a(vex_brain.cpp.obj)
                0x000000000380409c                vex::brain::lcd::setPenColor(vex::color const&)
 .text._ZN3vex5brain3lcd12setFillColorERKNS_5colorE
                0x00000000038040b0       0x38 /Users/justi/Library/Application Support/Code/User/globalStorage/vexrobotics.vexcode/sdk/cpp/V5/V5_20240802_15_00_00/vexv5/libv5rt.a(vex_brain.cpp.obj)
                0x00000000038040b0                vex::brain::lcd::setFillColor(vex::color const&)
 .text._ZN3vex5brain3lcd12_clearScreenEm
                0x00000000038040e8       0x38 /Users/justi/Library/Application Support/Code/User/globalStorage/vexrobotics.vexcode/sdk/cpp/V5/V5_20240802_15_00_00/vexv5/libv5rt.a(vex_brain.cpp.obj)
                0x00000000038040e8                vex::brain::lcd::_clearScreen(unsigned long)
 .text._ZN3vex5brain3lcd11clearScreenERKNS_5colorE
                0x0000000003804120       0x20 /Users/justi/Library/Application Support/Code/User/globalStorage/vexrobotics.vexcode/sdk/cpp/V5/V5_20240802_15_00_00/vexv5/libv5rt.a(vex_brain.cpp.obj)
                0x0000000003804120                vex::brain::lcd::clearScreen(vex::color const&)
 .text._ZN3vex5brain3lcd11clearScreenEv
                0x0000000003804140       0x2c /Users/justi/Library/Application Support/Code/User/globalStorage/vexrobotics.vexcode/sdk/cpp/V5/V5_20240802_15_00_00/vexv5/libv5rt.a(vex_brain.cpp.obj)
                0x0000000003804140                vex::brain::lcd::clearScreen()
 .text._ZN3vex5brain3lcd13drawRectangleEiiii
                0x000000000380416c       0xdc /Users/justi/Library/Application Support/Code/User/globalStorage/vexrobotics.vexcode/sdk/cpp/V5/V5_20240802_15_00_00/vexv5/libv5rt.a(vex_brain.cpp.obj)
                0x000000000380416c                vex::brain::lcd::drawRectangle(int, int, int, int)
 .text._ZN3vex5brain3lcd9xPositionEv
                0x0000000003804248       0x24 /Users/justi/Library/Application Support/Code/User/globalStorage/vexrobotics.vexcode/sdk/cpp/V5/V5_20240802_15_00_00/vexv5/libv5rt.a(vex_brain.cpp.obj)
                0x0000000003804248                vex::brain::lcd::xPosition()
 .text._ZN3vex5brain3lcd9yPositionEv
                0x000000000380426c       0x24 /Users/justi/Library/Application Support/Code/User/globalStorage/vexrobotics.vexcode/sdk/cpp/V5/V5_20240802_15_00_00/vexv5/libv5rt.a(vex_brain.cpp.obj)
                0x000000000380426c                vex::brain::lcd::yPosition()
 .text._ZN3vex5brain3lcd8pressingEv
                0x0000000003804290       0x20 /Users/justi/Library/Application Support/Code/User/globalStorage/vexrobotics.vexcode/sdk/cpp/V5/V5_20240802_15_00_00/vexv5/libv5rt.a(vex_brain.cpp.obj)
                0x0000000003804290                vex::brain::lcd::pressing()
 .text._ZN3vex5brain3lcd10rowToPixelEl
                0x00000000038042b0       0x34 /Users/justi/Library/Application Support/Code/User/globalStorage/vexrobotics.vexcode/sdk/cpp/V5/V5_20240802_15_00_00/vexv5/libv5rt.a(vex_brain.cpp.obj)
                0x00000000038042b0                vex::brain::lcd::rowToPixel(long)
 .text._ZN3vex5brain3lcd5printEPKcz
                0x00000000038042e4       0xb8 /Users/justi/Library/Application Support/Code/User/globalStorage/vexrobotics.vexcode/sdk/cpp/V5/V5_20240802_15_00_00/vexv5/libv5rt.a(vex_brain.cpp.obj)
                0x00000000038042e4                vex::brain::lcd::print(char const*, ...)
 .text._ZN3vex5brain3lcd13webColorToRgbEPKc
                0x000000000380439c       0x9c /Users/justi/Library/Application Support/Code/User/globalStorage/vexrobotics.vexcode/sdk/cpp/V5/V5_20240802_15_00_00/vexv5/libv5rt.a(vex_brain.cpp.obj)
                0x000000000380439c                vex::brain::lcd::webColorToRgb(char const*)
 .text._ZN3vex5brain3lcd11setPenColorEPKc
                0x0000000003804438       0x10 /Users/justi/Library/Application Support/Code/User/globalStorage/vexrobotics.vexcode/sdk/cpp/V5/V5_20240802_15_00_00/vexv5/libv5rt.a(vex_brain.cpp.obj)
                0x0000000003804438                vex::brain::lcd::setPenColor(char const*)
 .text._ZN3vex5brain3lcd12setFillColorEPKc
                0x0000000003804448       0x1c /Users/justi/Library/Application Support/Code/User/globalStorage/vexrobotics.vexcode/sdk/cpp/V5/V5_20240802_15_00_00/vexv5/libv5rt.a(vex_brain.cpp.obj)
                0x0000000003804448                vex::brain::lcd::setFillColor(char const*)
 .text._ZN3vex5brainD2Ev
                0x0000000003804464       0x20 /Users/justi/Library/Application Support/Code/User/globalStorage/vexrobotics.vexcode/sdk/cpp/V5/V5_20240802_15_00_00/vexv5/libv5rt.a(vex_brain.cpp.obj)
                0x0000000003804464                vex::brain::~brain()
                0x0000000003804464                vex::brain::~brain()
 .text._ZN3vex11competition8_disableEPv
                0x0000000003804484       0xa4 /Users/justi/Library/Application Support/Code/User/globalStorage/vexrobotics.vexcode/sdk/cpp/V5/V5_20240802_15_00_00/vexv5/libv5rt.a(vex_competition.cpp.obj)
                0x0000000003804484                vex::competition::_disable(void*)
 .text._ZN3vex11competition11_autonomousEv
                0x0000000003804528       0x80 /Users/justi/Library/Application Support/Code/User/globalStorage/vexrobotics.vexcode/sdk/cpp/V5/V5_20240802_15_00_00/vexv5/libv5rt.a(vex_competition.cpp.obj)
                0x0000000003804528                vex::competition::_autonomous()
 .text._ZN3vex11competition14_drivercontrolEv
                0x00000000038045a8       0x80 /Users/justi/Library/Application Support/Code/User/globalStorage/vexrobotics.vexcode/sdk/cpp/V5/V5_20240802_15_00_00/vexv5/libv5rt.a(vex_competition.cpp.obj)
                0x00000000038045a8                vex::competition::_drivercontrol()
 .text._ZN3vex11competitionC2Ev
                0x0000000003804628      0x13c /Users/justi/Library/Application Support/Code/User/globalStorage/vexrobotics.vexcode/sdk/cpp/V5/V5_20240802_15_00_00/vexv5/libv5rt.a(vex_competition.cpp.obj)
                0x0000000003804628                vex::competition::competition()
                0x0000000003804628                vex::competition::competition()
 .text._ZN3vex11competitionD2Ev
                0x0000000003804764        0x4 /Users/justi/Library/Application Support/Code/User/globalStorage/vexrobotics.vexcode/sdk/cpp/V5/V5_20240802_15_00_00/vexv5/libv5rt.a(vex_competition.cpp.obj)
                0x0000000003804764                vex::competition::~competition()
                0x0000000003804764                vex::competition::~competition()
 .text._ZN3vex11competition10autonomousEPFvvE
                0x0000000003804768       0x44 /Users/justi/Library/Application Support/Code/User/globalStorage/vexrobotics.vexcode/sdk/cpp/V5/V5_20240802_15_00_00/vexv5/libv5rt.a(vex_competition.cpp.obj)
                0x0000000003804768                vex::competition::autonomous(void (*)())
 .text._ZN3vex11competition13drivercontrolEPFvvE
                0x00000000038047ac       0x44 /Users/justi/Library/Application Support/Code/User/globalStorage/vexrobotics.vexcode/sdk/cpp/V5/V5_20240802_15_00_00/vexv5/libv5rt.a(vex_competition.cpp.obj)
                0x00000000038047ac                vex::competition::drivercontrol(void (*)())
 .text._ZN3vex7triportD2Ev
                0x00000000038047f0       0x38 /Users/justi/Library/Application Support/Code/User/globalStorage/vexrobotics.vexcode/sdk/cpp/V5/V5_20240802_15_00_00/vexv5/libv5rt.a(vex_triport.cpp.obj)
                0x00000000038047f0                vex::triport::~triport()
                0x00000000038047f0                vex::triport::~triport()
 .text._ZN3vex7triportD0Ev
                0x0000000003804828       0x1c /Users/justi/Library/Application Support/Code/User/globalStorage/vexrobotics.vexcode/sdk/cpp/V5/V5_20240802_15_00_00/vexv5/libv5rt.a(vex_triport.cpp.obj)
                0x0000000003804828                vex::triport::~triport()
 .text._ZN3vex7triport9installedEv
                0x0000000003804844       0x18 /Users/justi/Library/Application Support/Code/User/globalStorage/vexrobotics.vexcode/sdk/cpp/V5/V5_20240802_15_00_00/vexv5/libv5rt.a(vex_triport.cpp.obj)
                0x0000000003804844                vex::triport::installed()
 .text._ZN3vex7triport4portC2ElPS0_
                0x000000000380485c       0x74 /Users/justi/Library/Application Support/Code/User/globalStorage/vexrobotics.vexcode/sdk/cpp/V5/V5_20240802_15_00_00/vexv5/libv5rt.a(vex_triport.cpp.obj)
                0x000000000380485c                vex::triport::port::port(long, vex::triport*)
                0x000000000380485c                vex::triport::port::port(long, vex::triport*)
 .text._ZN3vex7triportC2El
                0x00000000038048d0       0xf0 /Users/justi/Library/Application Support/Code/User/globalStorage/vexrobotics.vexcode/sdk/cpp/V5/V5_20240802_15_00_00/vexv5/libv5rt.a(vex_triport.cpp.obj)
                0x00000000038048d0                vex::triport::triport(long)
                0x00000000038048d0                vex::triport::triport(long)
 .text._ZN3vex7triport4port4typeENS_11triportTypeE
                0x00000000038049c0       0x30 /Users/justi/Library/Application Support/Code/User/globalStorage/vexrobotics.vexcode/sdk/cpp/V5/V5_20240802_15_00_00/vexv5/libv5rt.a(vex_triport.cpp.obj)
                0x00000000038049c0                vex::triport::port::type(vex::triportType)
 .text._ZN3vex7triport4port4typeEv
                0x00000000038049f0       0x38 /Users/justi/Library/Application Support/Code/User/globalStorage/vexrobotics.vexcode/sdk/cpp/V5/V5_20240802_15_00_00/vexv5/libv5rt.a(vex_triport.cpp.obj)
                0x00000000038049f0                vex::triport::port::type()
 .text._ZN3vex7triport4port5valueEl
                0x0000000003804a28       0x18 /Users/justi/Library/Application Support/Code/User/globalStorage/vexrobotics.vexcode/sdk/cpp/V5/V5_20240802_15_00_00/vexv5/libv5rt.a(vex_triport.cpp.obj)
                0x0000000003804a28                vex::triport::port::value(long)
 .text._ZN3vex11__trideviceC2ERNS_7triport4portENS_11triportTypeE
                0x0000000003804a40       0x5c /Users/justi/Library/Application Support/Code/User/globalStorage/vexrobotics.vexcode/sdk/cpp/V5/V5_20240802_15_00_00/vexv5/libv5rt.a(vex_triport.cpp.obj)
                0x0000000003804a40                vex::__tridevice::__tridevice(vex::triport::port&, vex::triportType)
                0x0000000003804a40                vex::__tridevice::__tridevice(vex::triport::port&, vex::triportType)
 .text._ZN3vex11digital_outC2ERNS_7triport4portE
                0x0000000003804a9c       0x18 /Users/justi/Library/Application Support/Code/User/globalStorage/vexrobotics.vexcode/sdk/cpp/V5/V5_20240802_15_00_00/vexv5/libv5rt.a(vex_triport.cpp.obj)
                0x0000000003804a9c                vex::digital_out::digital_out(vex::triport::port&)
                0x0000000003804a9c                vex::digital_out::digital_out(vex::triport::port&)
 .text._ZN3vex11digital_outD2Ev
                0x0000000003804ab4        0x4 /Users/justi/Library/Application Support/Code/User/globalStorage/vexrobotics.vexcode/sdk/cpp/V5/V5_20240802_15_00_00/vexv5/libv5rt.a(vex_triport.cpp.obj)
                0x0000000003804ab4                vex::digital_out::~digital_out()
                0x0000000003804ab4                vex::digital_out::~digital_out()
 .text._ZN3vex11digital_out3setEb
                0x0000000003804ab8        0x8 /Users/justi/Library/Application Support/Code/User/globalStorage/vexrobotics.vexcode/sdk/cpp/V5/V5_20240802_15_00_00/vexv5/libv5rt.a(vex_triport.cpp.obj)
                0x0000000003804ab8                vex::digital_out::set(bool)
 .text._ZN3vex5colorD2Ev
                0x0000000003804ac0        0x4 /Users/justi/Library/Application Support/Code/User/globalStorage/vexrobotics.vexcode/sdk/cpp/V5/V5_20240802_15_00_00/vexv5/libv5rt.a(vex_color.cpp.obj)
                0x0000000003804ac0                vex::color::~color()
                0x0000000003804ac0                vex::color::~color()
 .text._ZNK3vex5colorcvmEv
                0x0000000003804ac4        0x8 /Users/justi/Library/Application Support/Code/User/globalStorage/vexrobotics.vexcode/sdk/cpp/V5/V5_20240802_15_00_00/vexv5/libv5rt.a(vex_color.cpp.obj)
                0x0000000003804ac4                vex::color::operator unsigned long() const
 .text._ZNK3vex5color13isTransparentEv
                0x0000000003804acc        0x8 /Users/justi/Library/Application Support/Code/User/globalStorage/vexrobotics.vexcode/sdk/cpp/V5/V5_20240802_15_00_00/vexv5/libv5rt.a(vex_color.cpp.obj)
                0x0000000003804acc                vex::color::isTransparent() const
 .text.startup._GLOBAL__sub_I__ZN3vex5color5blackE
                0x0000000003804ad4      0x164 /Users/justi/Library/Application Support/Code/User/globalStorage/vexrobotics.vexcode/sdk/cpp/V5/V5_20240802_15_00_00/vexv5/libv5rt.a(vex_color.cpp.obj)
 .text._ZN3vex5timerD2Ev
                0x0000000003804c38        0x4 /Users/justi/Library/Application Support/Code/User/globalStorage/vexrobotics.vexcode/sdk/cpp/V5/V5_20240802_15_00_00/vexv5/libv5rt.a(vex_timer.cpp.obj)
                0x0000000003804c38                vex::timer::~timer()
                0x0000000003804c38                vex::timer::~timer()
 .text._ZN3vex5timer5clearEv
                0x0000000003804c3c       0x1c /Users/justi/Library/Application Support/Code/User/globalStorage/vexrobotics.vexcode/sdk/cpp/V5/V5_20240802_15_00_00/vexv5/libv5rt.a(vex_timer.cpp.obj)
                0x0000000003804c3c                vex::timer::clear()
 .text._ZN3vex5timerC2Ev
                0x0000000003804c58       0x14 /Users/justi/Library/Application Support/Code/User/globalStorage/vexrobotics.vexcode/sdk/cpp/V5/V5_20240802_15_00_00/vexv5/libv5rt.a(vex_timer.cpp.obj)
                0x0000000003804c58                vex::timer::timer()
                0x0000000003804c58                vex::timer::timer()
 .text.vexAdiPortConfigSet
                0x0000000003804c6c       0x28 /Users/justi/Library/Application Support/Code/User/globalStorage/vexrobotics.vexcode/sdk/cpp/V5/V5_20240802_15_00_00/vexv5/libv5rt.a(v5_apiuser.c.obj)
                0x0000000003804c6c                vexAdiPortConfigSet
 .text.vexAdiPortConfigGet
                0x0000000003804c94       0x28 /Users/justi/Library/Application Support/Code/User/globalStorage/vexrobotics.vexcode/sdk/cpp/V5/V5_20240802_15_00_00/vexv5/libv5rt.a(v5_apiuser.c.obj)
                0x0000000003804c94                vexAdiPortConfigGet
 .text.vexAdiValueSet
                0x0000000003804cbc       0x28 /Users/justi/Library/Application Support/Code/User/globalStorage/vexrobotics.vexcode/sdk/cpp/V5/V5_20240802_15_00_00/vexv5/libv5rt.a(v5_apiuser.c.obj)
                0x0000000003804cbc                vexAdiValueSet
 .text.vexMotorVelocitySet
                0x0000000003804ce4       0x20 /Users/justi/Library/Application Support/Code/User/globalStorage/vexrobotics.vexcode/sdk/cpp/V5/V5_20240802_15_00_00/vexv5/libv5rt.a(v5_apiuser.c.obj)
                0x0000000003804ce4                vexMotorVelocitySet
 .text.vexMotorVoltageSet
                0x0000000003804d04       0x20 /Users/justi/Library/Application Support/Code/User/globalStorage/vexrobotics.vexcode/sdk/cpp/V5/V5_20240802_15_00_00/vexv5/libv5rt.a(v5_apiuser.c.obj)
                0x0000000003804d04                vexMotorVoltageSet
 .text.vexMotorActualVelocityGet
                0x0000000003804d24       0x24 /Users/justi/Library/Application Support/Code/User/globalStorage/vexrobotics.vexcode/sdk/cpp/V5/V5_20240802_15_00_00/vexv5/libv5rt.a(v5_apiuser.c.obj)
                0x0000000003804d24                vexMotorActualVelocityGet
 .text.vexMotorCurrentLimitSet
                0x0000000003804d48       0x20 /Users/justi/Library/Application Support/Code/User/globalStorage/vexrobotics.vexcode/sdk/cpp/V5/V5_20240802_15_00_00/vexv5/libv5rt.a(v5_apiuser.c.obj)
                0x0000000003804d48                vexMotorCurrentLimitSet
 .text.vexMotorReverseFlagSet
                0x0000000003804d68       0x20 /Users/justi/Library/Application Support/Code/User/globalStorage/vexrobotics.vexcode/sdk/cpp/V5/V5_20240802_15_00_00/vexv5/libv5rt.a(v5_apiuser.c.obj)
                0x0000000003804d68                vexMotorReverseFlagSet
 .text.vexMotorEncoderUnitsSet
                0x0000000003804d88       0x20 /Users/justi/Library/Application Support/Code/User/globalStorage/vexrobotics.vexcode/sdk/cpp/V5/V5_20240802_15_00_00/vexv5/libv5rt.a(v5_apiuser.c.obj)
                0x0000000003804d88                vexMotorEncoderUnitsSet
 .text.vexMotorBrakeModeSet
                0x0000000003804da8       0x20 /Users/justi/Library/Application Support/Code/User/globalStorage/vexrobotics.vexcode/sdk/cpp/V5/V5_20240802_15_00_00/vexv5/libv5rt.a(v5_apiuser.c.obj)
                0x0000000003804da8                vexMotorBrakeModeSet
 .text.vexMotorPositionSet
                0x0000000003804dc8       0x28 /Users/justi/Library/Application Support/Code/User/globalStorage/vexrobotics.vexcode/sdk/cpp/V5/V5_20240802_15_00_00/vexv5/libv5rt.a(v5_apiuser.c.obj)
                0x0000000003804dc8                vexMotorPositionSet
 .text.vexMotorPositionGet
                0x0000000003804df0       0x24 /Users/justi/Library/Application Support/Code/User/globalStorage/vexrobotics.vexcode/sdk/cpp/V5/V5_20240802_15_00_00/vexv5/libv5rt.a(v5_apiuser.c.obj)
                0x0000000003804df0                vexMotorPositionGet
 .text.vexMotorGearingSet
                0x0000000003804e14       0x20 /Users/justi/Library/Application Support/Code/User/globalStorage/vexrobotics.vexcode/sdk/cpp/V5/V5_20240802_15_00_00/vexv5/libv5rt.a(v5_apiuser.c.obj)
                0x0000000003804e14                vexMotorGearingSet
 .text.vexMotorGearingGet
                0x0000000003804e34       0x18 /Users/justi/Library/Application Support/Code/User/globalStorage/vexrobotics.vexcode/sdk/cpp/V5/V5_20240802_15_00_00/vexv5/libv5rt.a(v5_apiuser.c.obj)
                0x0000000003804e34                vexMotorGearingGet
 .text.vexImuReset
                0x0000000003804e4c       0x10 /Users/justi/Library/Application Support/Code/User/globalStorage/vexrobotics.vexcode/sdk/cpp/V5/V5_20240802_15_00_00/vexv5/libv5rt.a(v5_apiuser.c.obj)
                0x0000000003804e4c                vexImuReset
 .text.vexImuHeadingGet
                0x0000000003804e5c       0x10 /Users/justi/Library/Application Support/Code/User/globalStorage/vexrobotics.vexcode/sdk/cpp/V5/V5_20240802_15_00_00/vexv5/libv5rt.a(v5_apiuser.c.obj)
                0x0000000003804e5c                vexImuHeadingGet
 .text.vexImuDegreesGet
                0x0000000003804e6c       0x10 /Users/justi/Library/Application Support/Code/User/globalStorage/vexrobotics.vexcode/sdk/cpp/V5/V5_20240802_15_00_00/vexv5/libv5rt.a(v5_apiuser.c.obj)
                0x0000000003804e6c                vexImuDegreesGet
 .text.vexImuStatusGet
                0x0000000003804e7c       0x10 /Users/justi/Library/Application Support/Code/User/globalStorage/vexrobotics.vexcode/sdk/cpp/V5/V5_20240802_15_00_00/vexv5/libv5rt.a(v5_apiuser.c.obj)
                0x0000000003804e7c                vexImuStatusGet
 .text.vexEventMaskSet
                0x0000000003804e8c       0x28 /Users/justi/Library/Application Support/Code/User/globalStorage/vexrobotics.vexcode/sdk/cpp/V5/V5_20240802_15_00_00/vexv5/libv5rt.a(v5_apiuser.c.obj)
                0x0000000003804e8c                vexEventMaskSet
 .text.vexEventMaskGet
                0x0000000003804eb4       0x18 /Users/justi/Library/Application Support/Code/User/globalStorage/vexrobotics.vexcode/sdk/cpp/V5/V5_20240802_15_00_00/vexv5/libv5rt.a(v5_apiuser.c.obj)
                0x0000000003804eb4                vexEventMaskGet
 .text._ZN3vex6deviceD2Ev
                0x0000000003804ecc        0x4 /Users/justi/Library/Application Support/Code/User/globalStorage/vexrobotics.vexcode/sdk/cpp/V5/V5_20240802_15_00_00/vexv5/libv5rt.a(vex_device.cpp.obj)
                0x0000000003804ecc                vex::device::~device()
                0x0000000003804ecc                vex::device::~device()
 .text._ZN3vex6device5valueEv
                0x0000000003804ed0        0x8 /Users/justi/Library/Application Support/Code/User/globalStorage/vexrobotics.vexcode/sdk/cpp/V5/V5_20240802_15_00_00/vexv5/libv5rt.a(vex_device.cpp.obj)
                0x0000000003804ed0                vex::device::value()
 .text._ZN3vex6deviceD0Ev
                0x0000000003804ed8       0x14 /Users/justi/Library/Application Support/Code/User/globalStorage/vexrobotics.vexcode/sdk/cpp/V5/V5_20240802_15_00_00/vexv5/libv5rt.a(vex_device.cpp.obj)
                0x0000000003804ed8                vex::device::~device()
 .text._ZN3vex6device4initEl
                0x0000000003804eec       0x30 /Users/justi/Library/Application Support/Code/User/globalStorage/vexrobotics.vexcode/sdk/cpp/V5/V5_20240802_15_00_00/vexv5/libv5rt.a(vex_device.cpp.obj)
                0x0000000003804eec                vex::device::init(long)
 .text._ZN3vex6deviceC2El
                0x0000000003804f1c       0x20 /Users/justi/Library/Application Support/Code/User/globalStorage/vexrobotics.vexcode/sdk/cpp/V5/V5_20240802_15_00_00/vexv5/libv5rt.a(vex_device.cpp.obj)
                0x0000000003804f1c                vex::device::device(long)
                0x0000000003804f1c                vex::device::device(long)
 .text._ZN3vex6device4typeEv
                0x0000000003804f3c       0x10 /Users/justi/Library/Application Support/Code/User/globalStorage/vexrobotics.vexcode/sdk/cpp/V5/V5_20240802_15_00_00/vexv5/libv5rt.a(vex_device.cpp.obj)
                0x0000000003804f3c                vex::device::type()
 .text._ZN3vex6device9installedEv
                0x0000000003804f4c       0x14 /Users/justi/Library/Application Support/Code/User/globalStorage/vexrobotics.vexcode/sdk/cpp/V5/V5_20240802_15_00_00/vexv5/libv5rt.a(vex_device.cpp.obj)
                0x0000000003804f4c                vex::device::installed()
 .text.__libc_fini_array
                0x0000000003804f60       0x30 /Users/justi/Library/Application Support/Code/User/globalStorage/vexrobotics.vexcode/sdk/cpp/V5/V5_20240802_15_00_00/vexv5/gcc/libs/libc.a(lib_a-fini.o)
                0x0000000003804f60                __libc_fini_array
 .text.__libc_init_array
                0x0000000003804f90       0x58 /Users/justi/Library/Application Support/Code/User/globalStorage/vexrobotics.vexcode/sdk/cpp/V5/V5_20240802_15_00_00/vexv5/gcc/libs/libc.a(lib_a-init.o)
                0x0000000003804f90                __libc_init_array
 .text.__libc_init_array.__stub
                0x0000000003804fe8       0x18 linker stubs
 *(.gnu.linkonce.t.*)
 *(.plt)
 *(.gnu_warning)
 *(.gcc_except_table)
 *(.glue_7)
 .glue_7        0x0000000003805000        0x0 linker stubs
 *(.glue_7t)
 .glue_7t       0x0000000003805000        0x0 linker stubs
 *(.vfp11_veneer)
 .vfp11_veneer  0x0000000003805000        0x0 linker stubs
 *(.ARM.extab)
 *(.gnu.linkonce.armextab.*)

.v4_bx          0x0000000003805000        0x0
 .v4_bx         0x0000000003805000        0x0 linker stubs

.iplt           0x0000000003805000        0x0
 .iplt          0x0000000003805000        0x0 build/src/helper_functions.o

.init
 *(.init)

.fini
 *(.fini)

.rodata         0x0000000003805000      0x284
                0x0000000003805000                __rodata_start = .
 *(.rodata)
 *(.rodata.*)
 .rodata.str1.1
                0x0000000003805000        0xc build/src/helper_functions.o
 .rodata.str1.1
                0x000000000380500c       0x71 build/src/main.o
 *fill*         0x000000000380507d        0x3 
 .rodata.wheelDiam
                0x0000000003805080        0x8 build/src/robot-config.o
                0x0000000003805080                wheelDiam
 .rodata.wheelToMotorRatio
                0x0000000003805088        0x8 build/src/robot-config.o
                0x0000000003805088                wheelToMotorRatio
 .rodata.str1.1
                0x0000000003805090       0x27 build/src/screen_gui.o
                                         0x7c (size before relaxing)
 .rodata.str1.1
                0x00000000038050b7       0x2e /Users/justi/Library/Application Support/Code/User/globalStorage/vexrobotics.vexcode/sdk/cpp/V5/V5_20240802_15_00_00/vexv5/libv5rt.a(v5_startup.c.obj)
 *fill*         0x00000000038050e5        0x3 
 .rodata._ZN3vex6PORT20E
                0x00000000038050e8        0x4 /Users/justi/Library/Application Support/Code/User/globalStorage/vexrobotics.vexcode/sdk/cpp/V5/V5_20240802_15_00_00/vexv5/libv5rt.a(vex_global.cpp.obj)
                0x00000000038050e8                vex::PORT20
 .rodata._ZN3vex5PORT1E
                0x00000000038050ec        0x4 /Users/justi/Library/Application Support/Code/User/globalStorage/vexrobotics.vexcode/sdk/cpp/V5/V5_20240802_15_00_00/vexv5/libv5rt.a(vex_global.cpp.obj)
                0x00000000038050ec                vex::PORT1
 .rodata._ZN3vex7reverseE
                0x00000000038050f0        0x4 /Users/justi/Library/Application Support/Code/User/globalStorage/vexrobotics.vexcode/sdk/cpp/V5/V5_20240802_15_00_00/vexv5/libv5rt.a(vex_global.cpp.obj)
                0x00000000038050f0                vex::reverse
 .rodata._ZN3vex4voltE
                0x00000000038050f4        0x4 /Users/justi/Library/Application Support/Code/User/globalStorage/vexrobotics.vexcode/sdk/cpp/V5/V5_20240802_15_00_00/vexv5/libv5rt.a(vex_global.cpp.obj)
                0x00000000038050f4                vex::volt
 .rodata._ZN3vex7forwardE
                0x00000000038050f8        0x4 /Users/justi/Library/Application Support/Code/User/globalStorage/vexrobotics.vexcode/sdk/cpp/V5/V5_20240802_15_00_00/vexv5/libv5rt.a(vex_global.cpp.obj)
                0x00000000038050f8                vex::forward
 .rodata._ZN3vex6PORT14E
                0x00000000038050fc        0x4 /Users/justi/Library/Application Support/Code/User/globalStorage/vexrobotics.vexcode/sdk/cpp/V5/V5_20240802_15_00_00/vexv5/libv5rt.a(vex_global.cpp.obj)
                0x00000000038050fc                vex::PORT14
 .rodata._ZN3vex5blackE
                0x0000000003805100        0x4 /Users/justi/Library/Application Support/Code/User/globalStorage/vexrobotics.vexcode/sdk/cpp/V5/V5_20240802_15_00_00/vexv5/libv5rt.a(vex_global.cpp.obj)
                0x0000000003805100                vex::black
 .rodata._ZN3vex4msecE
                0x0000000003805104        0x4 /Users/justi/Library/Application Support/Code/User/globalStorage/vexrobotics.vexcode/sdk/cpp/V5/V5_20240802_15_00_00/vexv5/libv5rt.a(vex_global.cpp.obj)
                0x0000000003805104                vex::msec
 .rodata._ZN3vex6PORT18E
                0x0000000003805108        0x4 /Users/justi/Library/Application Support/Code/User/globalStorage/vexrobotics.vexcode/sdk/cpp/V5/V5_20240802_15_00_00/vexv5/libv5rt.a(vex_global.cpp.obj)
                0x0000000003805108                vex::PORT18
 .rodata._ZN3vex6PORT11E
                0x000000000380510c        0x4 /Users/justi/Library/Application Support/Code/User/globalStorage/vexrobotics.vexcode/sdk/cpp/V5/V5_20240802_15_00_00/vexv5/libv5rt.a(vex_global.cpp.obj)
                0x000000000380510c                vex::PORT11
 .rodata._ZN3vex7primaryE
                0x0000000003805110        0x4 /Users/justi/Library/Application Support/Code/User/globalStorage/vexrobotics.vexcode/sdk/cpp/V5/V5_20240802_15_00_00/vexv5/libv5rt.a(vex_global.cpp.obj)
                0x0000000003805110                vex::primary
 .rodata._ZN3vex6monoXLE
                0x0000000003805114        0x4 /Users/justi/Library/Application Support/Code/User/globalStorage/vexrobotics.vexcode/sdk/cpp/V5/V5_20240802_15_00_00/vexv5/libv5rt.a(vex_global.cpp.obj)
                0x0000000003805114                vex::monoXL
 .rodata._ZN3vex7percentE
                0x0000000003805118        0x4 /Users/justi/Library/Application Support/Code/User/globalStorage/vexrobotics.vexcode/sdk/cpp/V5/V5_20240802_15_00_00/vexv5/libv5rt.a(vex_global.cpp.obj)
                0x0000000003805118                vex::percent
 .rodata._ZN3vex6PORT19E
                0x000000000380511c        0x4 /Users/justi/Library/Application Support/Code/User/globalStorage/vexrobotics.vexcode/sdk/cpp/V5/V5_20240802_15_00_00/vexv5/libv5rt.a(vex_global.cpp.obj)
                0x000000000380511c                vex::PORT19
 .rodata._ZN3vex7degreesE
                0x0000000003805120        0x4 /Users/justi/Library/Application Support/Code/User/globalStorage/vexrobotics.vexcode/sdk/cpp/V5/V5_20240802_15_00_00/vexv5/libv5rt.a(vex_global.cpp.obj)
                0x0000000003805120                vex::degrees
 .rodata._ZN3vex6PORT22E
                0x0000000003805124        0x4 /Users/justi/Library/Application Support/Code/User/globalStorage/vexrobotics.vexcode/sdk/cpp/V5/V5_20240802_15_00_00/vexv5/libv5rt.a(vex_global.cpp.obj)
                0x0000000003805124                vex::PORT22
 .rodata._ZN3vex6PORT12E
                0x0000000003805128        0x4 /Users/justi/Library/Application Support/Code/User/globalStorage/vexrobotics.vexcode/sdk/cpp/V5/V5_20240802_15_00_00/vexv5/libv5rt.a(vex_global.cpp.obj)
                0x0000000003805128                vex::PORT12
 .rodata._ZN3vex5monoME
                0x000000000380512c        0x4 /Users/justi/Library/Application Support/Code/User/globalStorage/vexrobotics.vexcode/sdk/cpp/V5/V5_20240802_15_00_00/vexv5/libv5rt.a(vex_global.cpp.obj)
                0x000000000380512c                vex::monoM
 .rodata._ZN3vex6PORT16E
                0x0000000003805130        0x4 /Users/justi/Library/Application Support/Code/User/globalStorage/vexrobotics.vexcode/sdk/cpp/V5/V5_20240802_15_00_00/vexv5/libv5rt.a(vex_global.cpp.obj)
                0x0000000003805130                vex::PORT16
 .rodata._ZN3vex8ratio6_1E
                0x0000000003805134        0x4 /Users/justi/Library/Application Support/Code/User/globalStorage/vexrobotics.vexcode/sdk/cpp/V5/V5_20240802_15_00_00/vexv5/libv5rt.a(vex_global.cpp.obj)
                0x0000000003805134                vex::ratio6_1
 .rodata._ZN3vex5brakeE
                0x0000000003805138        0x4 /Users/justi/Library/Application Support/Code/User/globalStorage/vexrobotics.vexcode/sdk/cpp/V5/V5_20240802_15_00_00/vexv5/libv5rt.a(vex_global.cpp.obj)
                0x0000000003805138                vex::brake
 .rodata._ZN3vex5coastE
                0x000000000380513c        0x4 /Users/justi/Library/Application Support/Code/User/globalStorage/vexrobotics.vexcode/sdk/cpp/V5/V5_20240802_15_00_00/vexv5/libv5rt.a(vex_global.cpp.obj)
                0x000000000380513c                vex::coast
 .rodata._ZN3vex6PORT13E
                0x0000000003805140        0x4 /Users/justi/Library/Application Support/Code/User/globalStorage/vexrobotics.vexcode/sdk/cpp/V5/V5_20240802_15_00_00/vexv5/libv5rt.a(vex_global.cpp.obj)
                0x0000000003805140                vex::PORT13
 .rodata._ZN3vex9ratio18_1E
                0x0000000003805144        0x4 /Users/justi/Library/Application Support/Code/User/globalStorage/vexrobotics.vexcode/sdk/cpp/V5/V5_20240802_15_00_00/vexv5/libv5rt.a(vex_global.cpp.obj)
                0x0000000003805144                vex::ratio18_1
 .rodata._ZN3vex6PORT17E
                0x0000000003805148        0x4 /Users/justi/Library/Application Support/Code/User/globalStorage/vexrobotics.vexcode/sdk/cpp/V5/V5_20240802_15_00_00/vexv5/libv5rt.a(vex_global.cpp.obj)
                0x0000000003805148                vex::PORT17
 *fill*         0x000000000380514c        0x4 
 .rodata._ZTVN3vex5motorE
                0x0000000003805150       0x18 /Users/justi/Library/Application Support/Code/User/globalStorage/vexrobotics.vexcode/sdk/cpp/V5/V5_20240802_15_00_00/vexv5/libv5rt.a(vex_motor.cpp.obj)
                0x0000000003805150                vtable for vex::motor
 .rodata._ZTVN3vex8inertialE
                0x0000000003805168       0x68 /Users/justi/Library/Application Support/Code/User/globalStorage/vexrobotics.vexcode/sdk/cpp/V5/V5_20240802_15_00_00/vexv5/libv5rt.a(vex_imu.cpp.obj)
                0x0000000003805168                vtable for vex::inertial
 .rodata.CSWTCH.16
                0x00000000038051d0        0xb /Users/justi/Library/Application Support/Code/User/globalStorage/vexrobotics.vexcode/sdk/cpp/V5/V5_20240802_15_00_00/vexv5/libv5rt.a(vex_controller.cpp.obj)
 .rodata.CSWTCH.18
                0x00000000038051db        0xb /Users/justi/Library/Application Support/Code/User/globalStorage/vexrobotics.vexcode/sdk/cpp/V5/V5_20240802_15_00_00/vexv5/libv5rt.a(vex_controller.cpp.obj)
 .rodata.CSWTCH.24
                0x00000000038051e6        0x3 /Users/justi/Library/Application Support/Code/User/globalStorage/vexrobotics.vexcode/sdk/cpp/V5/V5_20240802_15_00_00/vexv5/libv5rt.a(vex_controller.cpp.obj)
 .rodata.str1.1
                0x00000000038051e9       0x14 /Users/justi/Library/Application Support/Code/User/globalStorage/vexrobotics.vexcode/sdk/cpp/V5/V5_20240802_15_00_00/vexv5/libv5rt.a(vex_task.cpp.obj)
 .rodata.str1.1
                0x00000000038051fd       0x2d /Users/justi/Library/Application Support/Code/User/globalStorage/vexrobotics.vexcode/sdk/cpp/V5/V5_20240802_15_00_00/vexv5/libv5rt.a(vex_brain.cpp.obj)
 *fill*         0x000000000380522a        0x6 
 .rodata._ZTVN3vex7triportE
                0x0000000003805230       0x18 /Users/justi/Library/Application Support/Code/User/globalStorage/vexrobotics.vexcode/sdk/cpp/V5/V5_20240802_15_00_00/vexv5/libv5rt.a(vex_triport.cpp.obj)
                0x0000000003805230                vtable for vex::triport
 .rodata.CSWTCH.39
                0x0000000003805248        0xe /Users/justi/Library/Application Support/Code/User/globalStorage/vexrobotics.vexcode/sdk/cpp/V5/V5_20240802_15_00_00/vexv5/libv5rt.a(vex_triport.cpp.obj)
 .rodata.CSWTCH.44
                0x0000000003805256       0x10 /Users/justi/Library/Application Support/Code/User/globalStorage/vexrobotics.vexcode/sdk/cpp/V5/V5_20240802_15_00_00/vexv5/libv5rt.a(vex_triport.cpp.obj)
 *fill*         0x0000000003805266        0x2 
 .rodata._ZTVN3vex6deviceE
                0x0000000003805268       0x18 /Users/justi/Library/Application Support/Code/User/globalStorage/vexrobotics.vexcode/sdk/cpp/V5/V5_20240802_15_00_00/vexv5/libv5rt.a(vex_device.cpp.obj)
                0x0000000003805268                vtable for vex::device
 .rodata.str1.4
                0x0000000003805280        0x4 /Users/justi/Library/Application Support/Code/User/globalStorage/vexrobotics.vexcode/sdk/cpp/V5/V5_20240802_15_00_00/vexv5/gcc/libs/libc.a(lib_a-impure.o)
                                          0x2 (size before relaxing)
 *(.gnu.linkonce.r.*)
                0x0000000003805284                __rodata_end = .

.rodata1        0x0000000003805284        0x0
                0x0000000003805284                __rodata1_start = .
 *(.rodata1)
 *(.rodata1.*)
                0x0000000003805284                __rodata1_end = .

.sdata2         0x0000000003805284        0x0
                0x0000000003805284                __sdata2_start = .
 *(.sdata2)
 *(.sdata2.*)
 *(.gnu.linkonce.s2.*)
                0x0000000003805284                __sdata2_end = .

.sbss2          0x0000000003805284        0x0
                0x0000000003805284                __sbss2_start = .
 *(.sbss2)
 *(.sbss2.*)
 *(.gnu.linkonce.sb2.*)
                0x0000000003805284                __sbss2_end = .

.data           0x0000000003805288      0x43c
                0x0000000003805288                __data_start = .
 *(.data)
 *(.data.*)
 .data.appRunning
                0x0000000003805288        0x4 /Users/justi/Library/Application Support/Code/User/globalStorage/vexrobotics.vexcode/sdk/cpp/V5/V5_20240802_15_00_00/vexv5/libv5rt.a(v5_startup.c.obj)
                0x0000000003805288                appRunning
 .data.__yoff   0x000000000380528c        0x4 /Users/justi/Library/Application Support/Code/User/globalStorage/vexrobotics.vexcode/sdk/cpp/V5/V5_20240802_15_00_00/vexv5/libv5rt.a(v5_apijump.c.obj)
 .data._ZN3vex24__default_motor_velocityE
                0x0000000003805290        0x4 /Users/justi/Library/Application Support/Code/User/globalStorage/vexrobotics.vexcode/sdk/cpp/V5/V5_20240802_15_00_00/vexv5/libv5rt.a(vex_motor.cpp.obj)
                0x0000000003805290                vex::__default_motor_velocity
 *fill*         0x0000000003805294        0x4 
 .data.impure_data
                0x0000000003805298      0x428 /Users/justi/Library/Application Support/Code/User/globalStorage/vexrobotics.vexcode/sdk/cpp/V5/V5_20240802_15_00_00/vexv5/gcc/libs/libc.a(lib_a-impure.o)
 .data._impure_ptr
                0x00000000038056c0        0x4 /Users/justi/Library/Application Support/Code/User/globalStorage/vexrobotics.vexcode/sdk/cpp/V5/V5_20240802_15_00_00/vexv5/gcc/libs/libc.a(lib_a-impure.o)
                0x00000000038056c0                _impure_ptr
 *(.gnu.linkonce.d.*)
 *(.jcr)
 *(.got)
 *(.got.plt)
                0x00000000038056c4                __data_end = .

.igot.plt       0x00000000038056c4        0x0
 .igot.plt      0x00000000038056c4        0x0 build/src/helper_functions.o

.data1          0x00000000038056c4        0x0
                0x00000000038056c4                __data1_start = .
 *(.data1)
 *(.data1.*)
                0x00000000038056c4                __data1_end = .

.got
 *(.got)

.ctors          0x00000000038056c4        0x0
                0x00000000038056c4                __CTOR_LIST__ = .
                0x00000000038056c4                ___CTORS_LIST___ = .
 *crtbegin.o(.ctors)
 *(EXCLUDE_FILE(*crtend.o) .ctors)
 *(SORT_BY_NAME(.ctors.*))
 *(.ctors)
                0x00000000038056c4                __CTOR_END__ = .
                0x00000000038056c4                ___CTORS_END___ = .

.dtors          0x00000000038056c4        0x0
                0x00000000038056c4                __DTOR_LIST__ = .
                0x00000000038056c4                ___DTORS_LIST___ = .
 *crtbegin.o(.dtors)
 *(EXCLUDE_FILE(*crtend.o) .dtors)
 *(SORT_BY_NAME(.dtors.*))
 *(.dtors)
                0x00000000038056c4                __DTOR_END__ = .
                0x00000000038056c4                ___DTORS_END___ = .

.fixup          0x00000000038056c4        0x0
                0x00000000038056c4                __fixup_start = .
 *(.fixup)
                0x00000000038056c4                __fixup_end = .

.eh_frame
 *(.eh_frame)

.eh_framehdr    0x00000000038056c4        0x0
                0x00000000038056c4                __eh_framehdr_start = .
 *(.eh_framehdr)
                0x00000000038056c4                __eh_framehdr_end = .

.gcc_except_table
 *(.gcc_except_table)

.mmu_tbl        0x0000000003808000        0x0
                0x0000000003808000                __mmu_tbl_start = .
 *(.mmu_tbl)
                0x0000000003808000                __mmu_tbl_end = .

.ARM.exidx      0x00000000038056c4        0x8
                0x00000000038056c4                __exidx_start = .
 *(.ARM.exidx*)
 .ARM.exidx.text._Z18get_dist_travelledd
                0x00000000038056c4        0x8 build/src/helper_functions.o
 .ARM.exidx.text._GLOBAL__sub_I_helper_functions.cpp
                0x00000000038056cc        0x0 build/src/helper_functions.o
                                          0x8 (size before relaxing)
 .ARM.exidx.text._Z9pre_autonv
                0x00000000038056cc        0x0 build/src/main.o
                                          0x8 (size before relaxing)
 .ARM.exidx.text._Z10autonomousv
                0x00000000038056cc        0x0 build/src/main.o
                                          0x8 (size before relaxing)
 .ARM.exidx.text._Z9DriveTaskv
                0x00000000038056cc        0x0 build/src/main.o
                                          0x8 (size before relaxing)
 .ARM.exidx.text._Z5ATaskv
                0x00000000038056cc        0x0 build/src/main.o
                                          0x8 (size before relaxing)
 .ARM.exidx.text._Z5PTaskv
                0x00000000038056cc        0x0 build/src/main.o
                                          0x8 (size before relaxing)
 .ARM.exidx.text._Z8LiftTaskv
                0x00000000038056cc        0x0 build/src/main.o
                                          0x8 (size before relaxing)
 .ARM.exidx.text._Z11usercontrolv
                0x00000000038056cc        0x0 build/src/main.o
                                          0x8 (size before relaxing)
 .ARM.exidx.text.main
                0x00000000038056cc        0x0 build/src/main.o
                                          0x8 (size before relaxing)
 .ARM.exidx.text._GLOBAL__sub_I_main.cpp
                0x00000000038056cc        0x0 build/src/main.o
                                          0x8 (size before relaxing)
 .ARM.exidx.text._Z7Zeroingbb
                0x00000000038056cc        0x0 build/src/movement.o
                                          0x8 (size before relaxing)
 .ARM.exidx.text._Z13ChassisUpdatev
                0x00000000038056cc        0x0 build/src/movement.o
                                          0x8 (size before relaxing)
 .ARM.exidx.text._Z4Moveii
                0x00000000038056cc        0x0 build/src/movement.o
                                          0x8 (size before relaxing)
 .ARM.exidx.text._Z5BStopv
                0x00000000038056cc        0x0 build/src/movement.o
                                          0x8 (size before relaxing)
 .ARM.exidx.text._Z5CStopv
                0x00000000038056cc        0x0 build/src/movement.o
                                          0x8 (size before relaxing)
 .ARM.exidx.text._Z9RunRolleri
                0x00000000038056cc        0x0 build/src/movement.o
                                          0x8 (size before relaxing)
 .ARM.exidx.text._Z14MoveEncoderPID10PIDDataSetidddb
                0x00000000038056cc        0x0 build/src/movement.o
                                          0x8 (size before relaxing)
 .ARM.exidx.text._GLOBAL__sub_I_movement.cpp
                0x00000000038056cc        0x0 build/src/movement.o
                                          0x8 (size before relaxing)
 .ARM.exidx.text._Z11vexcodeInitv
                0x00000000038056cc        0x0 build/src/robot-config.o
                                          0x8 (size before relaxing)
 .ARM.exidx.text._GLOBAL__sub_I_robot_config.cpp
                0x00000000038056cc        0x0 build/src/robot-config.o
                                          0x8 (size before relaxing)
 .ARM.exidx.text._Z19DisplayAutoSelectorv
                0x00000000038056cc        0x0 build/src/screen_gui.o